<html>
<body>
<pre>
<h1>µVision Build Log</h1>
<h2>Project:</h2>
N:\se350\OS-350-master\context_switching.uvproj
Project File Date:  03/03/2016

<h2>Output:</h2>
Build target 'Context Switching SIM'
compiling k_message.c...
src\k_message.c(41): warning:  #223-D: function "k_release_processor" declared implicitly
src\k_message.c(54): warning:  #223-D: function "k_release_processor" declared implicitly
src\k_message.c(70): warning:  #940-D: missing return statement at end of non-void function "k_delayed_send"
src\k_message.c(72): warning:  #1-D: last line of file ends without a newline
linking...
Program Size: Code=5092 RO-data=412 RW-data=72 ZI-data=880  
"context_switching.axf" - 0 Error(s), 4 Warning(s).
Build target 'Context Switching SIM'
compiling k_message.c...
src\k_message.c(41): warning:  #223-D: function "k_release_processor" declared implicitly
src\k_message.c(54): warning:  #223-D: function "k_release_processor" declared implicitly
src\k_message.c(70): warning:  #940-D: missing return statement at end of non-void function "k_delayed_send"
src\k_message.c(72): warning:  #1-D: last line of file ends without a newline
linking...
Program Size: Code=5092 RO-data=412 RW-data=72 ZI-data=880  
"context_switching.axf" - 0 Error(s), 4 Warning(s).
Build target 'Context Switching SIM'
compiling k_rtx_init.c...
src\k_rtx_init.c(16): warning:  #177-D: variable "ret" was declared but never referenced
compiling k_memory.c...
src\k_memory.c(139): warning:  #223-D: function "k_release_processor" declared implicitly
src\k_memory.c(126): warning:  #177-D: variable "end_addr" was declared but never referenced
src\k_memory.c(192): warning:  #223-D: function "k_release_processor" declared implicitly
compiling k_process.c...
src\rtx.h(11): warning:  #47-D: incompatible redefinition of macro "NUM_TEST_PROCS" (declared at line 19 of "src\k_rtx.h")
src\k_process.c(113): warning:  #223-D: function "p_findproc" declared implicitly
src\k_process.c(102): warning:  #177-D: variable "id" was declared but never referenced
src\k_process.c(221): warning:  #223-D: function "p_findAllproc" declared implicitly
src\k_process.c(254): warning:  #223-D: function "p_findblockedproc" declared implicitly
compiling p_queue.c...
src\p_queue.c(29): warning:  #177-D: variable "prev" was declared but never referenced
src\p_queue.c(30): warning:  #177-D: variable "next" was declared but never referenced
src\p_queue.c(54): warning:  #177-D: variable "prev" was declared but never referenced
src\p_queue.c(55): warning:  #177-D: variable "next" was declared but never referenced
src\p_queue.c(80): warning:  #177-D: variable "prev" was declared but never referenced
src\p_queue.c(81): warning:  #177-D: variable "next" was declared but never referenced
src\p_queue.c(165): warning:  #1-D: last line of file ends without a newline
compiling k_message.c...
src\k_message.c(41): warning:  #223-D: function "k_release_processor" declared implicitly
src\k_message.c(54): warning:  #223-D: function "k_release_processor" declared implicitly
src\k_message.c(70): warning:  #940-D: missing return statement at end of non-void function "k_delayed_send"
src\k_message.c(72): warning:  #1-D: last line of file ends without a newline
compiling usr_proc_p2.c...
src\k_rtx.h(19): warning:  #47-D: incompatible redefinition of macro "NUM_TEST_PROCS" (declared at line 11 of "src\rtx.h")
src\usr_proc_p2.c(65): warning:  #223-D: function "strncpy" declared implicitly
src\usr_proc_p2.c(65): warning:  #223-D: function "strlen" declared implicitly
src\usr_proc_p2.c(72): warning:  #223-D: function "set_process_priority" declared implicitly
src\usr_proc_p2.c(94): warning:  #223-D: function "set_process_priority" declared implicitly
src\usr_proc_p2.c(98): warning:  #223-D: function "strncpy" declared implicitly
src\usr_proc_p2.c(88): warning:  #177-D: variable "sender_id2" was declared but never referenced
src\usr_proc_p2.c(92): warning:  #550-D: variable "env" was set but never used
src\usr_proc_p2.c(119): warning:  #223-D: function "strncpy" declared implicitly
src\usr_proc_p2.c(119): warning:  #223-D: function "strlen" declared implicitly
src\usr_proc_p2.c(149): warning:  #1-D: last line of file ends without a newline
linking...
Program Size: Code=5108 RO-data=412 RW-data=72 ZI-data=880  
"context_switching.axf" - 0 Error(s), 31 Warning(s).
Build target 'Context Switching SIM'
compiling k_message.c...
src\k_message.c(41): warning:  #223-D: function "k_release_processor" declared implicitly
src\k_message.c(55): warning:  #223-D: function "k_release_processor" declared implicitly
src\k_message.c(71): warning:  #940-D: missing return statement at end of non-void function "k_delayed_send"
src\k_message.c(73): warning:  #1-D: last line of file ends without a newline
linking...
Program Size: Code=5120 RO-data=412 RW-data=72 ZI-data=880  
"context_switching.axf" - 0 Error(s), 4 Warning(s).
Build target 'Context Switching SIM'
compiling k_message.c...
src\k_message.c(41): warning:  #223-D: function "k_release_processor" declared implicitly
src\k_message.c(55): warning:  #223-D: function "k_release_processor" declared implicitly
src\k_message.c(71): warning:  #940-D: missing return statement at end of non-void function "k_delayed_send"
src\k_message.c(73): warning:  #1-D: last line of file ends without a newline
linking...
Program Size: Code=5112 RO-data=412 RW-data=72 ZI-data=880  
"context_switching.axf" - 0 Error(s), 4 Warning(s).
Build target 'Context Switching SIM'
linking...
Program Size: Code=5112 RO-data=412 RW-data=72 ZI-data=880  
"context_switching.axf" - 0 Error(s), 0 Warning(s).
Build target 'Context Switching SIM'
linking...
Program Size: Code=5112 RO-data=412 RW-data=72 ZI-data=880  
"context_switching.axf" - 0 Error(s), 0 Warning(s).
Build target 'Context Switching SIM'
compiling k_message.c...
src\k_message.c(70): warning:  #940-D: missing return statement at end of non-void function "k_receive_message"
src\k_message.c(74): warning:  #940-D: missing return statement at end of non-void function "k_delayed_send"
src\k_message.c(76): warning:  #1-D: last line of file ends without a newline
linking...
Program Size: Code=4876 RO-data=412 RW-data=72 ZI-data=880  
"context_switching.axf" - 0 Error(s), 3 Warning(s).
Build target 'Context Switching SIM'
compiling k_message.c...
src\k_message.c(10): warning:  #223-D: function "k_release_processor" declared implicitly
src\k_message.c(53): warning:  #223-D: function "k_release_processor" declared implicitly
src\k_message.c(72): warning:  #940-D: missing return statement at end of non-void function "k_receive_message"
src\k_message.c(76): warning:  #940-D: missing return statement at end of non-void function "k_delayed_send"
src\k_message.c(78): warning:  #1-D: last line of file ends without a newline
linking...
Program Size: Code=4908 RO-data=412 RW-data=72 ZI-data=880  
"context_switching.axf" - 0 Error(s), 5 Warning(s).
Build target 'Context Switching SIM'
linking...
Program Size: Code=4908 RO-data=412 RW-data=72 ZI-data=880  
"context_switching.axf" - 0 Error(s), 0 Warning(s).
Build target 'Context Switching SIM'
linking...
Program Size: Code=4908 RO-data=412 RW-data=72 ZI-data=880  
"context_switching.axf" - 0 Error(s), 0 Warning(s).
Build target 'Context Switching SIM'
compiling k_rtx_init.c...
src\k_rtx_init.c(16): warning:  #177-D: variable "ret" was declared but never referenced
compiling k_memory.c...
src\k_memory.c(139): warning:  #223-D: function "k_release_processor" declared implicitly
src\k_memory.c(126): warning:  #177-D: variable "end_addr" was declared but never referenced
src\k_memory.c(192): warning:  #223-D: function "k_release_processor" declared implicitly
src\k_memory.c(204): warning:  #223-D: function "k_release_processor" declared implicitly
src\k_memory.c(247): warning:  #223-D: function "k_release_processor" declared implicitly
src\k_memory.c(266): warning:  #940-D: missing return statement at end of non-void function "k_receive_message"
compiling k_message.c...
src\k_message.h(13): error:  #101: "msgbuf" has already been declared in the current scope
src\k_message.h(23): error:  #256: invalid redeclaration of type name "msgbuf" (declared at line 53 of "src\k_memory.h")
src\k_message.c(10): warning:  #223-D: function "k_release_processor" declared implicitly
src\k_message.c(53): warning:  #223-D: function "k_release_processor" declared implicitly
src\k_message.c(72): warning:  #940-D: missing return statement at end of non-void function "k_receive_message"
src\k_message.c(76): warning:  #940-D: missing return statement at end of non-void function "k_delayed_send"
src\k_message.c(78): warning:  #1-D: last line of file ends without a newline
compiling usr_proc_p2.c...
src\k_rtx.h(19): warning:  #47-D: incompatible redefinition of macro "NUM_TEST_PROCS" (declared at line 11 of "src\rtx.h")
src\usr_proc_p2.c(65): warning:  #223-D: function "strncpy" declared implicitly
src\usr_proc_p2.c(65): warning:  #223-D: function "strlen" declared implicitly
src\usr_proc_p2.c(72): warning:  #223-D: function "set_process_priority" declared implicitly
src\usr_proc_p2.c(94): warning:  #223-D: function "set_process_priority" declared implicitly
src\usr_proc_p2.c(98): warning:  #223-D: function "strncpy" declared implicitly
src\usr_proc_p2.c(88): warning:  #177-D: variable "sender_id2" was declared but never referenced
src\usr_proc_p2.c(92): warning:  #550-D: variable "env" was set but never used
src\usr_proc_p2.c(119): warning:  #223-D: function "strncpy" declared implicitly
src\usr_proc_p2.c(119): warning:  #223-D: function "strlen" declared implicitly
src\usr_proc_p2.c(149): warning:  #1-D: last line of file ends without a newline
Target not created
Build target 'Context Switching SIM'
linking...
Program Size: Code=4876 RO-data=412 RW-data=72 ZI-data=880  
"context_switching.axf" - 0 Error(s), 0 Warning(s).
Build target 'Context Switching SIM'
compiling k_rtx_init.c...
src\k_rtx_init.c(16): warning:  #177-D: variable "ret" was declared but never referenced
compiling k_memory.c...
src\k_memory.c(139): warning:  #223-D: function "k_release_processor" declared implicitly
src\k_memory.c(126): warning:  #177-D: variable "end_addr" was declared but never referenced
src\k_memory.c(192): warning:  #223-D: function "k_release_processor" declared implicitly
compiling k_message.c...
src\k_message.c(10): warning:  #223-D: function "k_release_processor" declared implicitly
src\k_message.c(53): warning:  #223-D: function "k_release_processor" declared implicitly
src\k_message.c(72): warning:  #940-D: missing return statement at end of non-void function "k_receive_message"
src\k_message.c(76): warning:  #940-D: missing return statement at end of non-void function "k_delayed_send"
src\k_message.c(78): warning:  #1-D: last line of file ends without a newline
linking...
Program Size: Code=4908 RO-data=412 RW-data=72 ZI-data=880  
"context_switching.axf" - 0 Error(s), 9 Warning(s).
Build target 'Context Switching SIM'
compiling k_message.c...
src\k_message.c(10): warning:  #223-D: function "k_release_processor" declared implicitly
src\k_message.c(53): warning:  #223-D: function "k_release_processor" declared implicitly
src\k_message.c(72): warning:  #940-D: missing return statement at end of non-void function "k_receive_message"
src\k_message.c(76): warning:  #940-D: missing return statement at end of non-void function "k_delayed_send"
src\k_message.c(78): warning:  #1-D: last line of file ends without a newline
linking...
Program Size: Code=4876 RO-data=412 RW-data=72 ZI-data=880  
"context_switching.axf" - 0 Error(s), 5 Warning(s).
Build target 'Context Switching SIM'
compiling k_rtx_init.c...
src\k_rtx_init.c(16): warning:  #177-D: variable "ret" was declared but never referenced
compiling k_memory.c...
src\k_memory.c(139): warning:  #223-D: function "k_release_processor" declared implicitly
src\k_memory.c(126): warning:  #177-D: variable "end_addr" was declared but never referenced
src\k_memory.c(192): warning:  #223-D: function "k_release_processor" declared implicitly
compiling k_process.c...
src\rtx.h(11): warning:  #47-D: incompatible redefinition of macro "NUM_TEST_PROCS" (declared at line 19 of "src\k_rtx.h")
src\k_process.c(113): warning:  #223-D: function "p_findproc" declared implicitly
src\k_process.c(102): warning:  #177-D: variable "id" was declared but never referenced
src\k_process.c(147): error:  #20: identifier "MSG_BLK" is undefined
src\k_process.c(162): error:  #20: identifier "MSG_BLK" is undefined
src\k_process.c(221): warning:  #223-D: function "p_findAllproc" declared implicitly
src\k_process.c(254): warning:  #223-D: function "p_findblockedproc" declared implicitly
compiling p_queue.c...
src\p_queue.c(29): warning:  #177-D: variable "prev" was declared but never referenced
src\p_queue.c(30): warning:  #177-D: variable "next" was declared but never referenced
src\p_queue.c(54): warning:  #177-D: variable "prev" was declared but never referenced
src\p_queue.c(55): warning:  #177-D: variable "next" was declared but never referenced
src\p_queue.c(80): warning:  #177-D: variable "prev" was declared but never referenced
src\p_queue.c(81): warning:  #177-D: variable "next" was declared but never referenced
src\p_queue.c(165): warning:  #1-D: last line of file ends without a newline
compiling k_message.c...
src\k_message.c(10): warning:  #223-D: function "k_release_processor" declared implicitly
src\k_message.c(53): warning:  #223-D: function "k_release_processor" declared implicitly
src\k_message.c(72): warning:  #940-D: missing return statement at end of non-void function "k_receive_message"
src\k_message.c(76): warning:  #940-D: missing return statement at end of non-void function "k_delayed_send"
src\k_message.c(78): warning:  #1-D: last line of file ends without a newline
compiling usr_proc_p2.c...
src\k_rtx.h(19): warning:  #47-D: incompatible redefinition of macro "NUM_TEST_PROCS" (declared at line 11 of "src\rtx.h")
src\usr_proc_p2.c(65): warning:  #223-D: function "strncpy" declared implicitly
src\usr_proc_p2.c(65): warning:  #223-D: function "strlen" declared implicitly
src\usr_proc_p2.c(72): warning:  #223-D: function "set_process_priority" declared implicitly
src\usr_proc_p2.c(94): warning:  #223-D: function "set_process_priority" declared implicitly
src\usr_proc_p2.c(98): warning:  #223-D: function "strncpy" declared implicitly
src\usr_proc_p2.c(88): warning:  #177-D: variable "sender_id2" was declared but never referenced
src\usr_proc_p2.c(92): warning:  #550-D: variable "env" was set but never used
src\usr_proc_p2.c(119): warning:  #223-D: function "strncpy" declared implicitly
src\usr_proc_p2.c(119): warning:  #223-D: function "strlen" declared implicitly
src\usr_proc_p2.c(149): warning:  #1-D: last line of file ends without a newline
Target not created
Build target 'Context Switching SIM'
compiling k_rtx_init.c...
src\k_rtx_init.c(16): warning:  #177-D: variable "ret" was declared but never referenced
compiling k_memory.c...
src\k_memory.c(139): warning:  #223-D: function "k_release_processor" declared implicitly
src\k_memory.c(126): warning:  #177-D: variable "end_addr" was declared but never referenced
src\k_memory.c(192): warning:  #223-D: function "k_release_processor" declared implicitly
compiling k_process.c...
src\rtx.h(11): warning:  #47-D: incompatible redefinition of macro "NUM_TEST_PROCS" (declared at line 19 of "src\k_rtx.h")
src\k_process.c(113): warning:  #223-D: function "p_findproc" declared implicitly
src\k_process.c(102): warning:  #177-D: variable "id" was declared but never referenced
src\k_process.c(221): warning:  #223-D: function "p_findAllproc" declared implicitly
src\k_process.c(254): warning:  #223-D: function "p_findblockedproc" declared implicitly
compiling p_queue.c...
src\p_queue.c(29): warning:  #177-D: variable "prev" was declared but never referenced
src\p_queue.c(30): warning:  #177-D: variable "next" was declared but never referenced
src\p_queue.c(54): warning:  #177-D: variable "prev" was declared but never referenced
src\p_queue.c(55): warning:  #177-D: variable "next" was declared but never referenced
src\p_queue.c(80): warning:  #177-D: variable "prev" was declared but never referenced
src\p_queue.c(81): warning:  #177-D: variable "next" was declared but never referenced
src\p_queue.c(165): warning:  #1-D: last line of file ends without a newline
compiling k_message.c...
src\k_message.c(10): warning:  #223-D: function "k_release_processor" declared implicitly
src\k_message.c(53): warning:  #223-D: function "k_release_processor" declared implicitly
src\k_message.c(72): warning:  #940-D: missing return statement at end of non-void function "k_receive_message"
src\k_message.c(76): warning:  #940-D: missing return statement at end of non-void function "k_delayed_send"
src\k_message.c(78): warning:  #1-D: last line of file ends without a newline
compiling usr_proc_p2.c...
src\k_rtx.h(19): warning:  #47-D: incompatible redefinition of macro "NUM_TEST_PROCS" (declared at line 11 of "src\rtx.h")
src\usr_proc_p2.c(65): warning:  #223-D: function "strncpy" declared implicitly
src\usr_proc_p2.c(65): warning:  #223-D: function "strlen" declared implicitly
src\usr_proc_p2.c(72): warning:  #223-D: function "set_process_priority" declared implicitly
src\usr_proc_p2.c(94): warning:  #223-D: function "set_process_priority" declared implicitly
src\usr_proc_p2.c(98): warning:  #223-D: function "strncpy" declared implicitly
src\usr_proc_p2.c(88): warning:  #177-D: variable "sender_id2" was declared but never referenced
src\usr_proc_p2.c(92): warning:  #550-D: variable "env" was set but never used
src\usr_proc_p2.c(119): warning:  #223-D: function "strncpy" declared implicitly
src\usr_proc_p2.c(119): warning:  #223-D: function "strlen" declared implicitly
src\usr_proc_p2.c(149): warning:  #1-D: last line of file ends without a newline
linking...
Program Size: Code=4876 RO-data=412 RW-data=72 ZI-data=880  
"context_switching.axf" - 0 Error(s), 32 Warning(s).
Build target 'Context Switching SIM'
linking...
Program Size: Code=4876 RO-data=412 RW-data=72 ZI-data=880  
"context_switching.axf" - 0 Error(s), 0 Warning(s).
Build target 'Context Switching SIM'
compiling k_rtx_init.c...
src\k_rtx_init.c(16): warning:  #177-D: variable "ret" was declared but never referenced
compiling k_memory.c...
src\k_memory.c(139): warning:  #223-D: function "k_release_processor" declared implicitly
src\k_memory.c(126): warning:  #177-D: variable "end_addr" was declared but never referenced
src\k_memory.c(192): warning:  #223-D: function "k_release_processor" declared implicitly
compiling k_process.c...
src\rtx.h(11): warning:  #47-D: incompatible redefinition of macro "NUM_TEST_PROCS" (declared at line 19 of "src\k_rtx.h")
src\k_process.c(113): warning:  #223-D: function "p_findproc" declared implicitly
src\k_process.c(102): warning:  #177-D: variable "id" was declared but never referenced
src\k_process.c(221): warning:  #223-D: function "p_findAllproc" declared implicitly
src\k_process.c(254): warning:  #223-D: function "p_findblockedproc" declared implicitly
compiling p_queue.c...
src\p_queue.c(29): warning:  #177-D: variable "prev" was declared but never referenced
src\p_queue.c(30): warning:  #177-D: variable "next" was declared but never referenced
src\p_queue.c(54): warning:  #177-D: variable "prev" was declared but never referenced
src\p_queue.c(55): warning:  #177-D: variable "next" was declared but never referenced
src\p_queue.c(80): warning:  #177-D: variable "prev" was declared but never referenced
src\p_queue.c(81): warning:  #177-D: variable "next" was declared but never referenced
src\p_queue.c(165): warning:  #1-D: last line of file ends without a newline
compiling k_message.c...
src\k_message.c(10): warning:  #223-D: function "k_release_processor" declared implicitly
src\k_message.c(53): warning:  #223-D: function "k_release_processor" declared implicitly
src\k_message.c(72): warning:  #940-D: missing return statement at end of non-void function "k_receive_message"
src\k_message.c(76): warning:  #940-D: missing return statement at end of non-void function "k_delayed_send"
src\k_message.c(78): warning:  #1-D: last line of file ends without a newline
compiling usr_proc_p2.c...
src\k_rtx.h(19): warning:  #47-D: incompatible redefinition of macro "NUM_TEST_PROCS" (declared at line 11 of "src\rtx.h")
src\usr_proc_p2.c(65): warning:  #223-D: function "strncpy" declared implicitly
src\usr_proc_p2.c(65): warning:  #223-D: function "strlen" declared implicitly
src\usr_proc_p2.c(72): warning:  #223-D: function "set_process_priority" declared implicitly
src\usr_proc_p2.c(94): warning:  #223-D: function "set_process_priority" declared implicitly
src\usr_proc_p2.c(98): warning:  #223-D: function "strncpy" declared implicitly
src\usr_proc_p2.c(88): warning:  #177-D: variable "sender_id2" was declared but never referenced
src\usr_proc_p2.c(92): warning:  #550-D: variable "env" was set but never used
src\usr_proc_p2.c(119): warning:  #223-D: function "strncpy" declared implicitly
src\usr_proc_p2.c(119): warning:  #223-D: function "strlen" declared implicitly
src\usr_proc_p2.c(149): warning:  #1-D: last line of file ends without a newline
linking...
Program Size: Code=4876 RO-data=412 RW-data=72 ZI-data=880  
"context_switching.axf" - 0 Error(s), 32 Warning(s).
Build target 'Context Switching SIM'
compiling k_rtx_init.c...
src\k_rtx_init.c(16): warning:  #177-D: variable "ret" was declared but never referenced
compiling k_memory.c...
src\k_memory.c(139): warning:  #223-D: function "k_release_processor" declared implicitly
src\k_memory.c(126): warning:  #177-D: variable "end_addr" was declared but never referenced
src\k_memory.c(192): warning:  #223-D: function "k_release_processor" declared implicitly
compiling k_process.c...
src\rtx.h(11): warning:  #47-D: incompatible redefinition of macro "NUM_TEST_PROCS" (declared at line 19 of "src\k_rtx.h")
src\k_process.c(113): warning:  #223-D: function "p_findproc" declared implicitly
src\k_process.c(102): warning:  #177-D: variable "id" was declared but never referenced
src\k_process.c(221): warning:  #223-D: function "p_findAllproc" declared implicitly
src\k_process.c(254): warning:  #223-D: function "p_findblockedproc" declared implicitly
compiling p_queue.c...
src\p_queue.c(29): warning:  #177-D: variable "prev" was declared but never referenced
src\p_queue.c(30): warning:  #177-D: variable "next" was declared but never referenced
src\p_queue.c(54): warning:  #177-D: variable "prev" was declared but never referenced
src\p_queue.c(55): warning:  #177-D: variable "next" was declared but never referenced
src\p_queue.c(80): warning:  #177-D: variable "prev" was declared but never referenced
src\p_queue.c(81): warning:  #177-D: variable "next" was declared but never referenced
src\p_queue.c(165): warning:  #1-D: last line of file ends without a newline
compiling k_message.c...
src\k_message.c(10): warning:  #223-D: function "k_release_processor" declared implicitly
src\k_message.c(53): warning:  #223-D: function "k_release_processor" declared implicitly
src\k_message.c(72): warning:  #940-D: missing return statement at end of non-void function "k_receive_message"
src\k_message.c(76): warning:  #940-D: missing return statement at end of non-void function "k_delayed_send"
src\k_message.c(78): warning:  #1-D: last line of file ends without a newline
compiling usr_proc_p2.c...
src\k_rtx.h(19): warning:  #47-D: incompatible redefinition of macro "NUM_TEST_PROCS" (declared at line 11 of "src\rtx.h")
src\usr_proc_p2.c(65): warning:  #223-D: function "strncpy" declared implicitly
src\usr_proc_p2.c(65): warning:  #223-D: function "strlen" declared implicitly
src\usr_proc_p2.c(72): warning:  #223-D: function "set_process_priority" declared implicitly
src\usr_proc_p2.c(94): warning:  #223-D: function "set_process_priority" declared implicitly
src\usr_proc_p2.c(98): warning:  #223-D: function "strncpy" declared implicitly
src\usr_proc_p2.c(88): warning:  #177-D: variable "sender_id2" was declared but never referenced
src\usr_proc_p2.c(92): warning:  #550-D: variable "env" was set but never used
src\usr_proc_p2.c(119): warning:  #223-D: function "strncpy" declared implicitly
src\usr_proc_p2.c(119): warning:  #223-D: function "strlen" declared implicitly
src\usr_proc_p2.c(149): warning:  #1-D: last line of file ends without a newline
linking...
Program Size: Code=4876 RO-data=412 RW-data=72 ZI-data=880  
"context_switching.axf" - 0 Error(s), 32 Warning(s).
Build target 'Context Switching SIM'
linking...
Program Size: Code=4876 RO-data=412 RW-data=72 ZI-data=880  
"context_switching.axf" - 0 Error(s), 0 Warning(s).
Build target 'Context Switching SIM'
linking...
Program Size: Code=4876 RO-data=412 RW-data=72 ZI-data=880  
"context_switching.axf" - 0 Error(s), 0 Warning(s).
Build target 'Context Switching SIM'
linking...
Program Size: Code=4876 RO-data=412 RW-data=72 ZI-data=880  
"context_switching.axf" - 0 Error(s), 0 Warning(s).
Build target 'Context Switching SIM'
compiling k_message.c...
src\k_message.c(10): warning:  #223-D: function "k_release_processor" declared implicitly
src\k_message.c(51): warning:  #223-D: function "k_release_processor" declared implicitly
src\k_message.c(70): warning:  #940-D: missing return statement at end of non-void function "k_receive_message"
src\k_message.c(74): warning:  #940-D: missing return statement at end of non-void function "k_delayed_send"
src\k_message.c(76): warning:  #1-D: last line of file ends without a newline
linking...
Program Size: Code=4876 RO-data=412 RW-data=72 ZI-data=880  
"context_switching.axf" - 0 Error(s), 5 Warning(s).
Build target 'Context Switching SIM'
linking...
Program Size: Code=4876 RO-data=412 RW-data=72 ZI-data=880  
"context_switching.axf" - 0 Error(s), 0 Warning(s).
Build target 'Context Switching SIM'
compiling main_svc.c...
compiling k_process.c...
src\rtx.h(11): warning:  #47-D: incompatible redefinition of macro "NUM_TEST_PROCS" (declared at line 19 of "src\k_rtx.h")
src\k_process.c(113): warning:  #223-D: function "p_findproc" declared implicitly
src\k_process.c(102): warning:  #177-D: variable "id" was declared but never referenced
src\k_process.c(221): warning:  #223-D: function "p_findAllproc" declared implicitly
src\k_process.c(254): warning:  #223-D: function "p_findblockedproc" declared implicitly
compiling k_message.c...
src\k_message.c(8): error:  #147-D: declaration is incompatible with "int k_send_message(int, void *)" (declared at line 26 of "src\k_message.h")
src\k_message.c(9): error:  #20: identifier "process_id" is undefined
src\k_message.c(10): warning:  #223-D: function "k_release_processor" declared implicitly
src\k_message.c(48): error:  #147-D: declaration is incompatible with "void *k_receive_message(int *)" (declared at line 27 of "src\k_message.h")
src\k_message.c(51): warning:  #223-D: function "k_release_processor" declared implicitly
src\k_message.c(70): warning:  #940-D: missing return statement at end of non-void function "k_receive_message"
src\k_message.c(74): warning:  #940-D: missing return statement at end of non-void function "k_delayed_send"
src\k_message.c(76): warning:  #1-D: last line of file ends without a newline
compiling usr_proc_p2.c...
src\k_rtx.h(19): warning:  #47-D: incompatible redefinition of macro "NUM_TEST_PROCS" (declared at line 11 of "src\rtx.h")
src\k_message.h(26): error:  #147-D: declaration is incompatible with "int k_send_message(void)" (declared at line 71 of "src\rtx.h")
src\k_message.h(27): error:  #147-D: declaration is incompatible with "void *k_receive_message(void)" (declared at line 75 of "src\rtx.h")
src\usr_proc_p2.c(65): warning:  #223-D: function "strncpy" declared implicitly
src\usr_proc_p2.c(65): warning:  #223-D: function "strlen" declared implicitly
src\usr_proc_p2.c(72): warning:  #223-D: function "set_process_priority" declared implicitly
src\usr_proc_p2.c(74): error:  #55-D: too many arguments in invocation of macro "send_message"
src\usr_proc_p2.c(94): warning:  #223-D: function "set_process_priority" declared implicitly
src\usr_proc_p2.c(97): error:  #55-D: too many arguments in invocation of macro "receive_message"
src\usr_proc_p2.c(98): warning:  #223-D: function "strncpy" declared implicitly
src\usr_proc_p2.c(87): warning:  #177-D: variable "sender_id" was declared but never referenced
src\usr_proc_p2.c(88): warning:  #177-D: variable "sender_id2" was declared but never referenced
src\usr_proc_p2.c(92): warning:  #550-D: variable "env" was set but never used
src\usr_proc_p2.c(119): warning:  #223-D: function "strncpy" declared implicitly
src\usr_proc_p2.c(119): warning:  #223-D: function "strlen" declared implicitly
src\usr_proc_p2.c(120): error:  #55-D: too many arguments in invocation of macro "send_message"
src\usr_proc_p2.c(149): warning:  #1-D: last line of file ends without a newline
Target not created
Build target 'Context Switching SIM'
compiling k_message.c...
src\k_message.c(8): error:  #147-D: declaration is incompatible with "int k_send_message(int, void *)" (declared at line 26 of "src\k_message.h")
src\k_message.c(9): error:  #20: identifier "process_id" is undefined
src\k_message.c(10): warning:  #223-D: function "k_release_processor" declared implicitly
src\k_message.c(48): error:  #147-D: declaration is incompatible with "void *k_receive_message(int *)" (declared at line 27 of "src\k_message.h")
src\k_message.c(51): warning:  #223-D: function "k_release_processor" declared implicitly
src\k_message.c(70): warning:  #940-D: missing return statement at end of non-void function "k_receive_message"
src\k_message.c(74): warning:  #940-D: missing return statement at end of non-void function "k_delayed_send"
src\k_message.c(76): warning:  #1-D: last line of file ends without a newline
compiling usr_proc_p2.c...
src\k_rtx.h(19): warning:  #47-D: incompatible redefinition of macro "NUM_TEST_PROCS" (declared at line 11 of "src\rtx.h")
src\k_message.h(26): error:  #147-D: declaration is incompatible with "int k_send_message(void)" (declared at line 71 of "src\rtx.h")
src\k_message.h(27): error:  #147-D: declaration is incompatible with "void *k_receive_message(void)" (declared at line 75 of "src\rtx.h")
src\usr_proc_p2.c(65): warning:  #223-D: function "strncpy" declared implicitly
src\usr_proc_p2.c(65): warning:  #223-D: function "strlen" declared implicitly
src\usr_proc_p2.c(72): warning:  #223-D: function "set_process_priority" declared implicitly
src\usr_proc_p2.c(74): error:  #55-D: too many arguments in invocation of macro "send_message"
src\usr_proc_p2.c(94): warning:  #223-D: function "set_process_priority" declared implicitly
src\usr_proc_p2.c(99): warning:  #223-D: function "strncpy" declared implicitly
src\usr_proc_p2.c(87): warning:  #177-D: variable "sender_id" was declared but never referenced
src\usr_proc_p2.c(88): warning:  #177-D: variable "sender_id2" was declared but never referenced
src\usr_proc_p2.c(92): warning:  #550-D: variable "env" was set but never used
src\usr_proc_p2.c(120): warning:  #223-D: function "strncpy" declared implicitly
src\usr_proc_p2.c(120): warning:  #223-D: function "strlen" declared implicitly
src\usr_proc_p2.c(121): error:  #55-D: too many arguments in invocation of macro "send_message"
src\usr_proc_p2.c(150): warning:  #1-D: last line of file ends without a newline
Target not created
Build target 'Context Switching SIM'
compiling k_message.c...
src\k_message.c(8): error:  #147-D: declaration is incompatible with "int k_send_message(int, void *)" (declared at line 26 of "src\k_message.h")
src\k_message.c(9): error:  #20: identifier "process_id" is undefined
src\k_message.c(10): warning:  #223-D: function "k_release_processor" declared implicitly
src\k_message.c(48): error:  #147-D: declaration is incompatible with "void *k_receive_message(int *)" (declared at line 27 of "src\k_message.h")
src\k_message.c(51): warning:  #223-D: function "k_release_processor" declared implicitly
src\k_message.c(70): warning:  #940-D: missing return statement at end of non-void function "k_receive_message"
src\k_message.c(74): warning:  #940-D: missing return statement at end of non-void function "k_delayed_send"
src\k_message.c(76): warning:  #1-D: last line of file ends without a newline
compiling usr_proc_p2.c...
src\k_rtx.h(19): warning:  #47-D: incompatible redefinition of macro "NUM_TEST_PROCS" (declared at line 11 of "src\rtx.h")
src\k_message.h(26): error:  #147-D: declaration is incompatible with "int k_send_message(void)" (declared at line 71 of "src\rtx.h")
src\k_message.h(27): error:  #147-D: declaration is incompatible with "void *k_receive_message(void)" (declared at line 75 of "src\rtx.h")
src\usr_proc_p2.c(65): warning:  #223-D: function "strncpy" declared implicitly
src\usr_proc_p2.c(65): warning:  #223-D: function "strlen" declared implicitly
src\usr_proc_p2.c(72): warning:  #223-D: function "set_process_priority" declared implicitly
src\usr_proc_p2.c(74): error:  #55-D: too many arguments in invocation of macro "send_message"
src\usr_proc_p2.c(94): warning:  #223-D: function "set_process_priority" declared implicitly
src\usr_proc_p2.c(99): warning:  #223-D: function "strncpy" declared implicitly
src\usr_proc_p2.c(87): warning:  #177-D: variable "sender_id" was declared but never referenced
src\usr_proc_p2.c(88): warning:  #177-D: variable "sender_id2" was declared but never referenced
src\usr_proc_p2.c(92): warning:  #550-D: variable "env" was set but never used
src\usr_proc_p2.c(120): warning:  #223-D: function "strncpy" declared implicitly
src\usr_proc_p2.c(120): warning:  #223-D: function "strlen" declared implicitly
src\usr_proc_p2.c(151): warning:  #1-D: last line of file ends without a newline
Target not created
Build target 'Context Switching SIM'
compiling k_message.c...
src\k_message.c(8): error:  #147-D: declaration is incompatible with "int k_send_message(int, void *)" (declared at line 26 of "src\k_message.h")
src\k_message.c(9): error:  #20: identifier "process_id" is undefined
src\k_message.c(10): warning:  #223-D: function "k_release_processor" declared implicitly
src\k_message.c(48): error:  #147-D: declaration is incompatible with "void *k_receive_message(int *)" (declared at line 27 of "src\k_message.h")
src\k_message.c(51): warning:  #223-D: function "k_release_processor" declared implicitly
src\k_message.c(70): warning:  #940-D: missing return statement at end of non-void function "k_receive_message"
src\k_message.c(74): warning:  #940-D: missing return statement at end of non-void function "k_delayed_send"
src\k_message.c(76): warning:  #1-D: last line of file ends without a newline
compiling usr_proc_p2.c...
src\k_rtx.h(19): warning:  #47-D: incompatible redefinition of macro "NUM_TEST_PROCS" (declared at line 11 of "src\rtx.h")
src\k_message.h(26): error:  #147-D: declaration is incompatible with "int k_send_message(void)" (declared at line 71 of "src\rtx.h")
src\k_message.h(27): error:  #147-D: declaration is incompatible with "void *k_receive_message(void)" (declared at line 75 of "src\rtx.h")
src\usr_proc_p2.c(65): warning:  #223-D: function "strncpy" declared implicitly
src\usr_proc_p2.c(65): warning:  #223-D: function "strlen" declared implicitly
src\usr_proc_p2.c(72): warning:  #223-D: function "set_process_priority" declared implicitly
src\usr_proc_p2.c(74): error:  #55-D: too many arguments in invocation of macro "send_message"
src\usr_proc_p2.c(94): warning:  #223-D: function "set_process_priority" declared implicitly
src\usr_proc_p2.c(99): warning:  #223-D: function "strncpy" declared implicitly
src\usr_proc_p2.c(87): warning:  #177-D: variable "sender_id" was declared but never referenced
src\usr_proc_p2.c(88): warning:  #177-D: variable "sender_id2" was declared but never referenced
src\usr_proc_p2.c(92): warning:  #550-D: variable "env" was set but never used
src\usr_proc_p2.c(120): warning:  #223-D: function "strncpy" declared implicitly
src\usr_proc_p2.c(120): warning:  #223-D: function "strlen" declared implicitly
src\usr_proc_p2.c(151): warning:  #1-D: last line of file ends without a newline
Target not created
Build target 'Context Switching SIM'
compiling k_message.c...
src\k_message.c(8): error:  #147-D: declaration is incompatible with "int k_send_message(int, void *)" (declared at line 26 of "src\k_message.h")
src\k_message.c(9): error:  #20: identifier "process_id" is undefined
src\k_message.c(10): warning:  #223-D: function "k_release_processor" declared implicitly
src\k_message.c(48): error:  #147-D: declaration is incompatible with "void *k_receive_message(int *)" (declared at line 27 of "src\k_message.h")
src\k_message.c(51): warning:  #223-D: function "k_release_processor" declared implicitly
src\k_message.c(70): warning:  #940-D: missing return statement at end of non-void function "k_receive_message"
src\k_message.c(74): warning:  #940-D: missing return statement at end of non-void function "k_delayed_send"
src\k_message.c(76): warning:  #1-D: last line of file ends without a newline
compiling usr_proc_p2.c...
src\k_rtx.h(19): warning:  #47-D: incompatible redefinition of macro "NUM_TEST_PROCS" (declared at line 11 of "src\rtx.h")
src\k_message.h(26): error:  #147-D: declaration is incompatible with "int k_send_message(void)" (declared at line 71 of "src\rtx.h")
src\k_message.h(27): error:  #147-D: declaration is incompatible with "void *k_receive_message(void)" (declared at line 75 of "src\rtx.h")
src\usr_proc_p2.c(65): warning:  #223-D: function "strncpy" declared implicitly
src\usr_proc_p2.c(65): warning:  #223-D: function "strlen" declared implicitly
src\usr_proc_p2.c(72): warning:  #223-D: function "set_process_priority" declared implicitly
src\usr_proc_p2.c(94): warning:  #223-D: function "set_process_priority" declared implicitly
src\usr_proc_p2.c(99): warning:  #223-D: function "strncpy" declared implicitly
src\usr_proc_p2.c(87): warning:  #177-D: variable "sender_id" was declared but never referenced
src\usr_proc_p2.c(88): warning:  #177-D: variable "sender_id2" was declared but never referenced
src\usr_proc_p2.c(92): warning:  #550-D: variable "env" was set but never used
src\usr_proc_p2.c(120): warning:  #223-D: function "strncpy" declared implicitly
src\usr_proc_p2.c(120): warning:  #223-D: function "strlen" declared implicitly
src\usr_proc_p2.c(151): warning:  #1-D: last line of file ends without a newline
Target not created
Build target 'Context Switching SIM'
compiling k_message.c...
src\k_message.h(28): warning:  #1295-D: Deprecated declaration k_receive_message - give arg types
src\k_message.h(29): warning:  #1295-D: Deprecated declaration k_send_message - give arg types
src\k_message.c(9): error:  #20: identifier "process_id" is undefined
src\k_message.c(10): warning:  #223-D: function "k_release_processor" declared implicitly
src\k_message.c(51): warning:  #223-D: function "k_release_processor" declared implicitly
src\k_message.c(70): warning:  #940-D: missing return statement at end of non-void function "k_receive_message"
src\k_message.c(74): warning:  #940-D: missing return statement at end of non-void function "k_delayed_send"
src\k_message.c(76): warning:  #1-D: last line of file ends without a newline
compiling usr_proc_p2.c...
src\k_rtx.h(19): warning:  #47-D: incompatible redefinition of macro "NUM_TEST_PROCS" (declared at line 11 of "src\rtx.h")
src\k_message.h(28): warning:  #1295-D: Deprecated declaration k_receive_message - give arg types
src\k_message.h(29): warning:  #1295-D: Deprecated declaration k_send_message - give arg types
src\usr_proc_p2.c(65): warning:  #223-D: function "strncpy" declared implicitly
src\usr_proc_p2.c(65): warning:  #223-D: function "strlen" declared implicitly
src\usr_proc_p2.c(72): warning:  #223-D: function "set_process_priority" declared implicitly
src\usr_proc_p2.c(94): warning:  #223-D: function "set_process_priority" declared implicitly
src\usr_proc_p2.c(99): warning:  #223-D: function "strncpy" declared implicitly
src\usr_proc_p2.c(87): warning:  #177-D: variable "sender_id" was declared but never referenced
src\usr_proc_p2.c(88): warning:  #177-D: variable "sender_id2" was declared but never referenced
src\usr_proc_p2.c(92): warning:  #550-D: variable "env" was set but never used
src\usr_proc_p2.c(120): warning:  #223-D: function "strncpy" declared implicitly
src\usr_proc_p2.c(120): warning:  #223-D: function "strlen" declared implicitly
src\usr_proc_p2.c(151): warning:  #1-D: last line of file ends without a newline
Target not created
Build target 'Context Switching SIM'
compiling k_message.c...
src\k_message.h(28): warning:  #1295-D: Deprecated declaration k_receive_message - give arg types
src\k_message.h(29): warning:  #1295-D: Deprecated declaration k_send_message - give arg types
src\k_message.c(10): warning:  #223-D: function "k_release_processor" declared implicitly
src\k_message.c(51): warning:  #223-D: function "k_release_processor" declared implicitly
src\k_message.c(70): warning:  #940-D: missing return statement at end of non-void function "k_receive_message"
src\k_message.c(74): warning:  #940-D: missing return statement at end of non-void function "k_delayed_send"
src\k_message.c(76): warning:  #1-D: last line of file ends without a newline
linking...
Program Size: Code=4856 RO-data=412 RW-data=72 ZI-data=880  
"context_switching.axf" - 0 Error(s), 7 Warning(s).
Build target 'Context Switching SIM'
assembling startup_LPC17xx.s...
compiling k_message.c...
src\k_message.h(28): warning:  #1295-D: Deprecated declaration k_receive_message - give arg types
src\k_message.h(29): warning:  #1295-D: Deprecated declaration k_send_message - give arg types
src\k_message.c(10): warning:  #223-D: function "k_release_processor" declared implicitly
src\k_message.c(51): warning:  #223-D: function "k_release_processor" declared implicitly
src\k_message.c(70): warning:  #940-D: missing return statement at end of non-void function "k_receive_message"
src\k_message.c(74): warning:  #940-D: missing return statement at end of non-void function "k_delayed_send"
src\k_message.c(76): warning:  #1-D: last line of file ends without a newline
linking...
Program Size: Code=4856 RO-data=412 RW-data=72 ZI-data=880  
"context_switching.axf" - 0 Error(s), 7 Warning(s).
Build target 'Context Switching SIM'
linking...
Program Size: Code=4856 RO-data=412 RW-data=72 ZI-data=880  
"context_switching.axf" - 0 Error(s), 0 Warning(s).
Build target 'Context Switching SIM'
compiling k_process.c...
src\rtx.h(11): warning:  #47-D: incompatible redefinition of macro "NUM_TEST_PROCS" (declared at line 19 of "src\k_rtx.h")
src\k_process.c(113): warning:  #223-D: function "p_findproc" declared implicitly
src\k_process.c(102): warning:  #177-D: variable "id" was declared but never referenced
src\k_process.c(221): warning:  #223-D: function "p_findAllproc" declared implicitly
src\k_process.c(254): warning:  #223-D: function "p_findblockedproc" declared implicitly
compiling k_message.c...
src\k_message.h(28): warning:  #1295-D: Deprecated declaration k_receive_message - give arg types
src\k_message.h(29): warning:  #1295-D: Deprecated declaration k_send_message - give arg types
src\k_message.c(8): error:  #147: declaration is incompatible with "int k_send_message()" (declared at line 29 of "src\k_message.h")
src\k_message.c(10): warning:  #223-D: function "k_release_processor" declared implicitly
src\k_message.c(45): error:  #118: a void function may not return a value
src\k_message.c(48): error:  #147: declaration is incompatible with "void *k_receive_message()" (declared at line 28 of "src\k_message.h")
src\k_message.c(51): warning:  #223-D: function "k_release_processor" declared implicitly
src\k_message.c(74): warning:  #940-D: missing return statement at end of non-void function "k_delayed_send"
src\k_message.c(76): warning:  #1-D: last line of file ends without a newline
Target not created
Build target 'Context Switching SIM'
compiling main_svc.c...
compiling k_process.c...
src\rtx.h(11): warning:  #47-D: incompatible redefinition of macro "NUM_TEST_PROCS" (declared at line 19 of "src\k_rtx.h")
src\k_process.c(113): warning:  #223-D: function "p_findproc" declared implicitly
src\k_process.c(102): warning:  #177-D: variable "id" was declared but never referenced
src\k_process.c(221): warning:  #223-D: function "p_findAllproc" declared implicitly
src\k_process.c(254): warning:  #223-D: function "p_findblockedproc" declared implicitly
compiling k_message.c...
src\k_message.h(28): warning:  #1295-D: Deprecated declaration k_receive_message - give arg types
src\k_message.h(29): warning:  #1295-D: Deprecated declaration k_send_message - give arg types
src\k_message.c(10): warning:  #223-D: function "k_release_processor" declared implicitly
src\k_message.c(45): error:  #118: a void function may not return a value
src\k_message.c(51): warning:  #223-D: function "k_release_processor" declared implicitly
src\k_message.c(74): warning:  #940-D: missing return statement at end of non-void function "k_delayed_send"
src\k_message.c(76): warning:  #1-D: last line of file ends without a newline
compiling usr_proc_p2.c...
src\k_rtx.h(19): warning:  #47-D: incompatible redefinition of macro "NUM_TEST_PROCS" (declared at line 11 of "src\rtx.h")
src\k_message.h(28): warning:  #1295-D: Deprecated declaration k_receive_message - give arg types
src\k_message.h(29): warning:  #1295-D: Deprecated declaration k_send_message - give arg types
src\usr_proc_p2.c(65): warning:  #223-D: function "strncpy" declared implicitly
src\usr_proc_p2.c(65): warning:  #223-D: function "strlen" declared implicitly
src\usr_proc_p2.c(72): warning:  #223-D: function "set_process_priority" declared implicitly
src\usr_proc_p2.c(94): warning:  #223-D: function "set_process_priority" declared implicitly
src\usr_proc_p2.c(98): error:  #167: argument of type "void" is incompatible with parameter of type "void *"
src\usr_proc_p2.c(98): error:  #513: a value of type "void" cannot be assigned to an entity of type "msgbuf *"
src\usr_proc_p2.c(99): warning:  #223-D: function "strncpy" declared implicitly
src\usr_proc_p2.c(87): warning:  #177-D: variable "sender_id" was declared but never referenced
src\usr_proc_p2.c(88): warning:  #177-D: variable "sender_id2" was declared but never referenced
src\usr_proc_p2.c(92): warning:  #550-D: variable "env" was set but never used
src\usr_proc_p2.c(120): warning:  #223-D: function "strncpy" declared implicitly
src\usr_proc_p2.c(120): warning:  #223-D: function "strlen" declared implicitly
src\usr_proc_p2.c(122): error:  #167: argument of type "void" is incompatible with parameter of type "int"
src\usr_proc_p2.c(151): warning:  #1-D: last line of file ends without a newline
Target not created
Build target 'Context Switching SIM'
compiling k_message.c...
src\k_message.h(28): warning:  #1295-D: Deprecated declaration k_receive_message - give arg types
src\k_message.h(29): warning:  #1295-D: Deprecated declaration k_send_message - give arg types
src\k_message.c(10): warning:  #223-D: function "k_release_processor" declared implicitly
src\k_message.c(45): error:  #118: a void function may not return a value
src\k_message.c(51): warning:  #223-D: function "k_release_processor" declared implicitly
src\k_message.c(74): warning:  #940-D: missing return statement at end of non-void function "k_delayed_send"
src\k_message.c(76): warning:  #1-D: last line of file ends without a newline
compiling usr_proc_p2.c...
src\k_rtx.h(19): warning:  #47-D: incompatible redefinition of macro "NUM_TEST_PROCS" (declared at line 11 of "src\rtx.h")
src\k_message.h(28): warning:  #1295-D: Deprecated declaration k_receive_message - give arg types
src\k_message.h(29): warning:  #1295-D: Deprecated declaration k_send_message - give arg types
src\usr_proc_p2.c(65): warning:  #223-D: function "strncpy" declared implicitly
src\usr_proc_p2.c(65): warning:  #223-D: function "strlen" declared implicitly
src\usr_proc_p2.c(72): warning:  #223-D: function "set_process_priority" declared implicitly
src\usr_proc_p2.c(94): warning:  #223-D: function "set_process_priority" declared implicitly
src\usr_proc_p2.c(98): error:  #167: argument of type "void" is incompatible with parameter of type "void *"
src\usr_proc_p2.c(99): warning:  #223-D: function "strncpy" declared implicitly
src\usr_proc_p2.c(87): warning:  #177-D: variable "sender_id" was declared but never referenced
src\usr_proc_p2.c(88): warning:  #177-D: variable "sender_id2" was declared but never referenced
src\usr_proc_p2.c(92): warning:  #550-D: variable "env" was set but never used
src\usr_proc_p2.c(120): warning:  #223-D: function "strncpy" declared implicitly
src\usr_proc_p2.c(120): warning:  #223-D: function "strlen" declared implicitly
src\usr_proc_p2.c(122): error:  #167: argument of type "void" is incompatible with parameter of type "int"
src\usr_proc_p2.c(151): warning:  #1-D: last line of file ends without a newline
Target not created
Build target 'Context Switching SIM'
compiling main_svc.c...
src\rtx.h(73): error:  #526: a parameter may not have void type
src\rtx.h(73): error:  #1504: first argument for __svc_indirect function must have integral type
src\rtx.h(77): error:  #526: a parameter may not have void type
src\rtx.h(77): error:  #1504: first argument for __svc_indirect function must have integral type
compiling k_process.c...
src\rtx.h(11): warning:  #47-D: incompatible redefinition of macro "NUM_TEST_PROCS" (declared at line 19 of "src\k_rtx.h")
src\rtx.h(73): error:  #526: a parameter may not have void type
src\rtx.h(73): error:  #1504: first argument for __svc_indirect function must have integral type
src\rtx.h(77): error:  #526: a parameter may not have void type
src\rtx.h(77): error:  #1504: first argument for __svc_indirect function must have integral type
src\k_process.c(113): warning:  #223-D: function "p_findproc" declared implicitly
src\k_process.c(102): warning:  #177-D: variable "id" was declared but never referenced
src\k_process.c(221): warning:  #223-D: function "p_findAllproc" declared implicitly
src\k_process.c(254): warning:  #223-D: function "p_findblockedproc" declared implicitly
compiling k_message.c...
src\k_message.h(28): warning:  #1295-D: Deprecated declaration k_receive_message - give arg types
src\k_message.h(29): warning:  #1295-D: Deprecated declaration k_send_message - give arg types
src\k_message.c(10): warning:  #223-D: function "k_release_processor" declared implicitly
src\k_message.c(45): error:  #118: a void function may not return a value
src\k_message.c(51): warning:  #223-D: function "k_release_processor" declared implicitly
src\k_message.c(74): warning:  #940-D: missing return statement at end of non-void function "k_delayed_send"
src\k_message.c(76): warning:  #1-D: last line of file ends without a newline
compiling usr_proc_p2.c...
src\rtx.h(73): error:  #526: a parameter may not have void type
src\rtx.h(73): error:  #1504: first argument for __svc_indirect function must have integral type
src\rtx.h(77): error:  #526: a parameter may not have void type
src\rtx.h(77): error:  #1504: first argument for __svc_indirect function must have integral type
src\k_rtx.h(19): warning:  #47-D: incompatible redefinition of macro "NUM_TEST_PROCS" (declared at line 11 of "src\rtx.h")
src\k_message.h(28): warning:  #1295-D: Deprecated declaration k_receive_message - give arg types
src\k_message.h(29): warning:  #1295-D: Deprecated declaration k_send_message - give arg types
src\usr_proc_p2.c(65): warning:  #223-D: function "strncpy" declared implicitly
src\usr_proc_p2.c(65): warning:  #223-D: function "strlen" declared implicitly
src\usr_proc_p2.c(72): warning:  #223-D: function "set_process_priority" declared implicitly
src\usr_proc_p2.c(94): warning:  #223-D: function "set_process_priority" declared implicitly
src\usr_proc_p2.c(99): warning:  #223-D: function "strncpy" declared implicitly
src\usr_proc_p2.c(87): warning:  #177-D: variable "sender_id" was declared but never referenced
src\usr_proc_p2.c(88): warning:  #177-D: variable "sender_id2" was declared but never referenced
src\usr_proc_p2.c(92): warning:  #550-D: variable "env" was set but never used
src\usr_proc_p2.c(120): warning:  #223-D: function "strncpy" declared implicitly
src\usr_proc_p2.c(120): warning:  #223-D: function "strlen" declared implicitly
src\usr_proc_p2.c(151): warning:  #1-D: last line of file ends without a newline
Target not created
Build target 'Context Switching SIM'
compiling main_svc.c...
compiling k_process.c...
src\rtx.h(11): warning:  #47-D: incompatible redefinition of macro "NUM_TEST_PROCS" (declared at line 19 of "src\k_rtx.h")
src\k_process.c(113): warning:  #223-D: function "p_findproc" declared implicitly
src\k_process.c(102): warning:  #177-D: variable "id" was declared but never referenced
src\k_process.c(221): warning:  #223-D: function "p_findAllproc" declared implicitly
src\k_process.c(254): warning:  #223-D: function "p_findblockedproc" declared implicitly
compiling k_message.c...
src\k_message.h(28): warning:  #1295-D: Deprecated declaration k_receive_message - give arg types
src\k_message.h(29): warning:  #1295-D: Deprecated declaration k_send_message - give arg types
src\k_message.c(10): warning:  #223-D: function "k_release_processor" declared implicitly
src\k_message.c(45): error:  #118: a void function may not return a value
src\k_message.c(51): warning:  #223-D: function "k_release_processor" declared implicitly
src\k_message.c(74): warning:  #940-D: missing return statement at end of non-void function "k_delayed_send"
src\k_message.c(76): warning:  #1-D: last line of file ends without a newline
compiling usr_proc_p2.c...
src\k_rtx.h(19): warning:  #47-D: incompatible redefinition of macro "NUM_TEST_PROCS" (declared at line 11 of "src\rtx.h")
src\k_message.h(28): warning:  #1295-D: Deprecated declaration k_receive_message - give arg types
src\k_message.h(29): warning:  #1295-D: Deprecated declaration k_send_message - give arg types
src\usr_proc_p2.c(65): warning:  #223-D: function "strncpy" declared implicitly
src\usr_proc_p2.c(65): warning:  #223-D: function "strlen" declared implicitly
src\usr_proc_p2.c(72): warning:  #223-D: function "set_process_priority" declared implicitly
src\usr_proc_p2.c(94): warning:  #223-D: function "set_process_priority" declared implicitly
src\usr_proc_p2.c(99): warning:  #223-D: function "strncpy" declared implicitly
src\usr_proc_p2.c(87): warning:  #177-D: variable "sender_id" was declared but never referenced
src\usr_proc_p2.c(88): warning:  #177-D: variable "sender_id2" was declared but never referenced
src\usr_proc_p2.c(92): warning:  #550-D: variable "env" was set but never used
src\usr_proc_p2.c(120): warning:  #223-D: function "strncpy" declared implicitly
src\usr_proc_p2.c(120): warning:  #223-D: function "strlen" declared implicitly
src\usr_proc_p2.c(151): warning:  #1-D: last line of file ends without a newline
Target not created
Build target 'Context Switching SIM'
compiling k_message.c...
src\k_message.h(28): warning:  #1295-D: Deprecated declaration k_receive_message - give arg types
src\k_message.h(29): warning:  #1295-D: Deprecated declaration k_send_message - give arg types
src\k_message.c(10): warning:  #223-D: function "k_release_processor" declared implicitly
src\k_message.c(53): warning:  #223-D: function "k_release_processor" declared implicitly
src\k_message.c(76): warning:  #940-D: missing return statement at end of non-void function "k_delayed_send"
src\k_message.c(78): warning:  #1-D: last line of file ends without a newline
linking...
Program Size: Code=4852 RO-data=412 RW-data=72 ZI-data=880  
"context_switching.axf" - 0 Error(s), 6 Warning(s).
Build target 'Context Switching SIM'
assembling startup_LPC17xx.s...
linking...
Program Size: Code=4852 RO-data=412 RW-data=72 ZI-data=880  
"context_switching.axf" - 0 Error(s), 0 Warning(s).
Build target 'Context Switching SIM'
compiling k_rtx_init.c...
src\k_rtx_init.c(16): warning:  #177-D: variable "ret" was declared but never referenced
compiling k_memory.c...
src\k_memory.c(139): warning:  #223-D: function "k_release_processor" declared implicitly
src\k_memory.c(126): warning:  #177-D: variable "end_addr" was declared but never referenced
src\k_memory.c(192): warning:  #223-D: function "k_release_processor" declared implicitly
compiling k_process.c...
src\rtx.h(11): warning:  #47-D: incompatible redefinition of macro "NUM_TEST_PROCS" (declared at line 19 of "src\k_rtx.h")
src\k_process.c(113): warning:  #223-D: function "p_findproc" declared implicitly
src\k_process.c(102): warning:  #177-D: variable "id" was declared but never referenced
src\k_process.c(147): error:  #20: identifier "MSG_BLK" is undefined
src\k_process.c(162): error:  #20: identifier "MSG_BLK" is undefined
src\k_process.c(221): warning:  #223-D: function "p_findAllproc" declared implicitly
src\k_process.c(254): warning:  #223-D: function "p_findblockedproc" declared implicitly
compiling p_queue.c...
src\p_queue.c(29): warning:  #177-D: variable "prev" was declared but never referenced
src\p_queue.c(30): warning:  #177-D: variable "next" was declared but never referenced
src\p_queue.c(54): warning:  #177-D: variable "prev" was declared but never referenced
src\p_queue.c(55): warning:  #177-D: variable "next" was declared but never referenced
src\p_queue.c(80): warning:  #177-D: variable "prev" was declared but never referenced
src\p_queue.c(81): warning:  #177-D: variable "next" was declared but never referenced
src\p_queue.c(165): warning:  #1-D: last line of file ends without a newline
compiling k_message.c...
src\k_message.h(28): warning:  #1295-D: Deprecated declaration k_receive_message - give arg types
src\k_message.h(29): warning:  #1295-D: Deprecated declaration k_send_message - give arg types
src\k_message.c(10): warning:  #223-D: function "k_release_processor" declared implicitly
src\k_message.c(53): warning:  #223-D: function "k_release_processor" declared implicitly
src\k_message.c(76): warning:  #940-D: missing return statement at end of non-void function "k_delayed_send"
src\k_message.c(78): warning:  #1-D: last line of file ends without a newline
compiling usr_proc_p2.c...
src\k_rtx.h(19): warning:  #47-D: incompatible redefinition of macro "NUM_TEST_PROCS" (declared at line 11 of "src\rtx.h")
src\k_message.h(28): warning:  #1295-D: Deprecated declaration k_receive_message - give arg types
src\k_message.h(29): warning:  #1295-D: Deprecated declaration k_send_message - give arg types
src\usr_proc_p2.c(65): warning:  #223-D: function "strncpy" declared implicitly
src\usr_proc_p2.c(65): warning:  #223-D: function "strlen" declared implicitly
src\usr_proc_p2.c(72): warning:  #223-D: function "set_process_priority" declared implicitly
src\usr_proc_p2.c(94): warning:  #223-D: function "set_process_priority" declared implicitly
src\usr_proc_p2.c(99): warning:  #223-D: function "strncpy" declared implicitly
src\usr_proc_p2.c(87): warning:  #177-D: variable "sender_id" was declared but never referenced
src\usr_proc_p2.c(88): warning:  #177-D: variable "sender_id2" was declared but never referenced
src\usr_proc_p2.c(92): warning:  #550-D: variable "env" was set but never used
src\usr_proc_p2.c(120): warning:  #223-D: function "strncpy" declared implicitly
src\usr_proc_p2.c(120): warning:  #223-D: function "strlen" declared implicitly
src\usr_proc_p2.c(151): warning:  #1-D: last line of file ends without a newline
Target not created
Build target 'Context Switching SIM'
compiling k_process.c...
src\rtx.h(11): warning:  #47-D: incompatible redefinition of macro "NUM_TEST_PROCS" (declared at line 19 of "src\k_rtx.h")
src\k_process.c(113): warning:  #223-D: function "p_findproc" declared implicitly
src\k_process.c(102): warning:  #177-D: variable "id" was declared but never referenced
src\k_process.c(147): error:  #20: identifier "MSG_BLK" is undefined
src\k_process.c(163): error:  #20: identifier "MSG_BLK" is undefined
src\k_process.c(222): warning:  #223-D: function "p_findAllproc" declared implicitly
src\k_process.c(255): warning:  #223-D: function "p_findblockedproc" declared implicitly
Target not created
Build target 'Context Switching SIM'
compiling k_process.c...
src\rtx.h(11): warning:  #47-D: incompatible redefinition of macro "NUM_TEST_PROCS" (declared at line 19 of "src\k_rtx.h")
src\k_process.c(113): warning:  #223-D: function "p_findproc" declared implicitly
src\k_process.c(102): warning:  #177-D: variable "id" was declared but never referenced
src\k_process.c(223): warning:  #223-D: function "p_findAllproc" declared implicitly
src\k_process.c(256): warning:  #223-D: function "p_findblockedproc" declared implicitly
linking...
Program Size: Code=4840 RO-data=412 RW-data=72 ZI-data=880  
"context_switching.axf" - 0 Error(s), 5 Warning(s).
Build target 'Context Switching SIM'
compiling k_rtx_init.c...
src\k_rtx_init.c(16): warning:  #177-D: variable "ret" was declared but never referenced
compiling k_memory.c...
src\k_memory.c(139): warning:  #223-D: function "k_release_processor" declared implicitly
src\k_memory.c(126): warning:  #177-D: variable "end_addr" was declared but never referenced
src\k_memory.c(192): warning:  #223-D: function "k_release_processor" declared implicitly
compiling k_process.c...
src\rtx.h(11): warning:  #47-D: incompatible redefinition of macro "NUM_TEST_PROCS" (declared at line 19 of "src\k_rtx.h")
src\k_process.c(113): warning:  #223-D: function "p_findproc" declared implicitly
src\k_process.c(102): warning:  #177-D: variable "id" was declared but never referenced
src\k_process.c(224): warning:  #223-D: function "p_findAllproc" declared implicitly
src\k_process.c(257): warning:  #223-D: function "p_findblockedproc" declared implicitly
compiling p_queue.c...
src\p_queue.c(29): warning:  #177-D: variable "prev" was declared but never referenced
src\p_queue.c(30): warning:  #177-D: variable "next" was declared but never referenced
src\p_queue.c(54): warning:  #177-D: variable "prev" was declared but never referenced
src\p_queue.c(55): warning:  #177-D: variable "next" was declared but never referenced
src\p_queue.c(80): warning:  #177-D: variable "prev" was declared but never referenced
src\p_queue.c(81): warning:  #177-D: variable "next" was declared but never referenced
src\p_queue.c(165): warning:  #1-D: last line of file ends without a newline
compiling k_message.c...
src\k_message.h(28): warning:  #1295-D: Deprecated declaration k_receive_message - give arg types
src\k_message.h(29): warning:  #1295-D: Deprecated declaration k_send_message - give arg types
src\k_message.c(10): warning:  #223-D: function "k_release_processor" declared implicitly
src\k_message.c(53): warning:  #223-D: function "k_release_processor" declared implicitly
src\k_message.c(76): warning:  #940-D: missing return statement at end of non-void function "k_delayed_send"
src\k_message.c(78): warning:  #1-D: last line of file ends without a newline
compiling usr_proc_p2.c...
src\k_rtx.h(19): warning:  #47-D: incompatible redefinition of macro "NUM_TEST_PROCS" (declared at line 11 of "src\rtx.h")
src\k_message.h(28): warning:  #1295-D: Deprecated declaration k_receive_message - give arg types
src\k_message.h(29): warning:  #1295-D: Deprecated declaration k_send_message - give arg types
src\usr_proc_p2.c(65): warning:  #223-D: function "strncpy" declared implicitly
src\usr_proc_p2.c(65): warning:  #223-D: function "strlen" declared implicitly
src\usr_proc_p2.c(72): warning:  #223-D: function "set_process_priority" declared implicitly
src\usr_proc_p2.c(94): warning:  #223-D: function "set_process_priority" declared implicitly
src\usr_proc_p2.c(99): warning:  #223-D: function "strncpy" declared implicitly
src\usr_proc_p2.c(87): warning:  #177-D: variable "sender_id" was declared but never referenced
src\usr_proc_p2.c(88): warning:  #177-D: variable "sender_id2" was declared but never referenced
src\usr_proc_p2.c(92): warning:  #550-D: variable "env" was set but never used
src\usr_proc_p2.c(120): warning:  #223-D: function "strncpy" declared implicitly
src\usr_proc_p2.c(120): warning:  #223-D: function "strlen" declared implicitly
src\usr_proc_p2.c(151): warning:  #1-D: last line of file ends without a newline
linking...
Program Size: Code=4844 RO-data=412 RW-data=72 ZI-data=880  
"context_switching.axf" - 0 Error(s), 36 Warning(s).
Build target 'Context Switching SIM'
compiling k_rtx_init.c...
src\k_rtx_init.c(16): warning:  #177-D: variable "ret" was declared but never referenced
compiling k_memory.c...
src\k_memory.c(139): warning:  #223-D: function "k_release_processor" declared implicitly
src\k_memory.c(126): warning:  #177-D: variable "end_addr" was declared but never referenced
src\k_memory.c(192): warning:  #223-D: function "k_release_processor" declared implicitly
compiling k_process.c...
src\rtx.h(11): warning:  #47-D: incompatible redefinition of macro "NUM_TEST_PROCS" (declared at line 19 of "src\k_rtx.h")
src\k_process.c(113): warning:  #223-D: function "p_findproc" declared implicitly
src\k_process.c(102): warning:  #177-D: variable "id" was declared but never referenced
src\k_process.c(218): warning:  #223-D: function "p_findAllproc" declared implicitly
src\k_process.c(251): warning:  #223-D: function "p_findblockedproc" declared implicitly
compiling p_queue.c...
src\p_queue.c(29): warning:  #177-D: variable "prev" was declared but never referenced
src\p_queue.c(30): warning:  #177-D: variable "next" was declared but never referenced
src\p_queue.c(54): warning:  #177-D: variable "prev" was declared but never referenced
src\p_queue.c(55): warning:  #177-D: variable "next" was declared but never referenced
src\p_queue.c(80): warning:  #177-D: variable "prev" was declared but never referenced
src\p_queue.c(81): warning:  #177-D: variable "next" was declared but never referenced
src\p_queue.c(165): warning:  #1-D: last line of file ends without a newline
compiling k_message.c...
src\k_message.h(28): warning:  #1295-D: Deprecated declaration k_receive_message - give arg types
src\k_message.h(29): warning:  #1295-D: Deprecated declaration k_send_message - give arg types
src\k_message.c(10): warning:  #223-D: function "k_release_processor" declared implicitly
src\k_message.c(53): warning:  #223-D: function "k_release_processor" declared implicitly
src\k_message.c(76): warning:  #940-D: missing return statement at end of non-void function "k_delayed_send"
src\k_message.c(78): warning:  #1-D: last line of file ends without a newline
compiling usr_proc_p2.c...
src\k_rtx.h(19): warning:  #47-D: incompatible redefinition of macro "NUM_TEST_PROCS" (declared at line 11 of "src\rtx.h")
src\k_message.h(28): warning:  #1295-D: Deprecated declaration k_receive_message - give arg types
src\k_message.h(29): warning:  #1295-D: Deprecated declaration k_send_message - give arg types
src\usr_proc_p2.c(65): warning:  #223-D: function "strncpy" declared implicitly
src\usr_proc_p2.c(65): warning:  #223-D: function "strlen" declared implicitly
src\usr_proc_p2.c(72): warning:  #223-D: function "set_process_priority" declared implicitly
src\usr_proc_p2.c(94): warning:  #223-D: function "set_process_priority" declared implicitly
src\usr_proc_p2.c(99): warning:  #223-D: function "strncpy" declared implicitly
src\usr_proc_p2.c(87): warning:  #177-D: variable "sender_id" was declared but never referenced
src\usr_proc_p2.c(88): warning:  #177-D: variable "sender_id2" was declared but never referenced
src\usr_proc_p2.c(92): warning:  #550-D: variable "env" was set but never used
src\usr_proc_p2.c(120): warning:  #223-D: function "strncpy" declared implicitly
src\usr_proc_p2.c(120): warning:  #223-D: function "strlen" declared implicitly
src\usr_proc_p2.c(151): warning:  #1-D: last line of file ends without a newline
linking...
Program Size: Code=4840 RO-data=412 RW-data=72 ZI-data=880  
"context_switching.axf" - 0 Error(s), 36 Warning(s).
Build target 'Context Switching SIM'
compiling HAL.c...
compiling k_message.c...
src\k_message.h(25): error:  #20: identifier "Function" is undefined
src\k_message.h(26): error:  #65: expected a ";"
src\k_message.c(10): warning:  #223-D: function "k_release_processor" declared implicitly
src\k_message.c(50): error:  #147: declaration is incompatible with "void *k_receive_message(int *)" (declared at line 27 of "src\k_message.h")
src\k_message.c(53): warning:  #223-D: function "k_release_processor" declared implicitly
src\k_message.c(76): warning:  #940-D: missing return statement at end of non-void function "k_delayed_send"
src\k_message.c(78): warning:  #1-D: last line of file ends without a newline
compiling usr_proc_p2.c...
src\k_rtx.h(19): warning:  #47-D: incompatible redefinition of macro "NUM_TEST_PROCS" (declared at line 11 of "src\rtx.h")
src\k_message.h(25): error:  #20: identifier "Function" is undefined
src\k_message.h(26): error:  #65: expected a ";"
src\k_message.h(27): error:  #147: declaration is incompatible with "void k_receive_message(void)" (declared at line 75 of "src\rtx.h")
src\usr_proc_p2.c(65): warning:  #223-D: function "strncpy" declared implicitly
src\usr_proc_p2.c(65): warning:  #223-D: function "strlen" declared implicitly
src\usr_proc_p2.c(72): warning:  #223-D: function "set_process_priority" declared implicitly
src\usr_proc_p2.c(94): warning:  #223-D: function "set_process_priority" declared implicitly
src\usr_proc_p2.c(99): warning:  #223-D: function "strncpy" declared implicitly
src\usr_proc_p2.c(87): warning:  #177-D: variable "sender_id" was declared but never referenced
src\usr_proc_p2.c(88): warning:  #177-D: variable "sender_id2" was declared but never referenced
src\usr_proc_p2.c(92): warning:  #550-D: variable "env" was set but never used
src\usr_proc_p2.c(120): warning:  #223-D: function "strncpy" declared implicitly
src\usr_proc_p2.c(120): warning:  #223-D: function "strlen" declared implicitly
src\usr_proc_p2.c(151): warning:  #1-D: last line of file ends without a newline
Target not created
Build target 'Context Switching SIM'
compiling k_message.c...
src\k_message.c(8): error:  #147: declaration is incompatible with "int k_send_message(int, void *)" (declared at line 26 of "src\k_message.h")
src\k_message.c(10): warning:  #223-D: function "k_release_processor" declared implicitly
src\k_message.c(50): error:  #147: declaration is incompatible with "void *k_receive_message(int *)" (declared at line 27 of "src\k_message.h")
src\k_message.c(53): warning:  #223-D: function "k_release_processor" declared implicitly
src\k_message.c(76): warning:  #940-D: missing return statement at end of non-void function "k_delayed_send"
src\k_message.c(78): warning:  #1-D: last line of file ends without a newline
compiling usr_proc_p2.c...
src\k_rtx.h(19): warning:  #47-D: incompatible redefinition of macro "NUM_TEST_PROCS" (declared at line 11 of "src\rtx.h")
src\k_message.h(26): error:  #147: declaration is incompatible with "void k_send_message(void)" (declared at line 71 of "src\rtx.h")
src\k_message.h(27): error:  #147: declaration is incompatible with "void k_receive_message(void)" (declared at line 75 of "src\rtx.h")
src\usr_proc_p2.c(65): warning:  #223-D: function "strncpy" declared implicitly
src\usr_proc_p2.c(65): warning:  #223-D: function "strlen" declared implicitly
src\usr_proc_p2.c(72): warning:  #223-D: function "set_process_priority" declared implicitly
src\usr_proc_p2.c(94): warning:  #223-D: function "set_process_priority" declared implicitly
src\usr_proc_p2.c(99): warning:  #223-D: function "strncpy" declared implicitly
src\usr_proc_p2.c(87): warning:  #177-D: variable "sender_id" was declared but never referenced
src\usr_proc_p2.c(88): warning:  #177-D: variable "sender_id2" was declared but never referenced
src\usr_proc_p2.c(92): warning:  #550-D: variable "env" was set but never used
src\usr_proc_p2.c(120): warning:  #223-D: function "strncpy" declared implicitly
src\usr_proc_p2.c(120): warning:  #223-D: function "strlen" declared implicitly
src\usr_proc_p2.c(151): warning:  #1-D: last line of file ends without a newline
Target not created
Build target 'Context Switching SIM'
compiling k_message.c...
src\k_message.c(8): error:  #147: declaration is incompatible with "int k_send_message(int, void *)" (declared at line 26 of "src\k_message.h")
src\k_message.c(10): warning:  #223-D: function "k_release_processor" declared implicitly
src\k_message.c(50): error:  #147: declaration is incompatible with "void *k_receive_message(int *)" (declared at line 27 of "src\k_message.h")
src\k_message.c(53): warning:  #223-D: function "k_release_processor" declared implicitly
src\k_message.c(76): warning:  #940-D: missing return statement at end of non-void function "k_delayed_send"
src\k_message.c(78): warning:  #1-D: last line of file ends without a newline
compiling usr_proc_p2.c...
src\k_rtx.h(19): warning:  #47-D: incompatible redefinition of macro "NUM_TEST_PROCS" (declared at line 11 of "src\rtx.h")
src\k_message.h(26): error:  #147: declaration is incompatible with "void k_send_message(void)" (declared at line 71 of "src\rtx.h")
src\k_message.h(27): error:  #147: declaration is incompatible with "void k_receive_message(void)" (declared at line 75 of "src\rtx.h")
src\usr_proc_p2.c(65): warning:  #223-D: function "strncpy" declared implicitly
src\usr_proc_p2.c(65): warning:  #223-D: function "strlen" declared implicitly
src\usr_proc_p2.c(72): warning:  #223-D: function "set_process_priority" declared implicitly
src\usr_proc_p2.c(94): warning:  #223-D: function "set_process_priority" declared implicitly
src\usr_proc_p2.c(99): warning:  #223-D: function "strncpy" declared implicitly
src\usr_proc_p2.c(87): warning:  #177-D: variable "sender_id" was declared but never referenced
src\usr_proc_p2.c(88): warning:  #177-D: variable "sender_id2" was declared but never referenced
src\usr_proc_p2.c(92): warning:  #550-D: variable "env" was set but never used
src\usr_proc_p2.c(120): warning:  #223-D: function "strncpy" declared implicitly
src\usr_proc_p2.c(120): warning:  #223-D: function "strlen" declared implicitly
src\usr_proc_p2.c(151): warning:  #1-D: last line of file ends without a newline
Target not created
Build target 'Context Switching SIM'
compiling k_rtx_init.c...
src\k_rtx_init.c(16): warning:  #177-D: variable "ret" was declared but never referenced
compiling k_memory.c...
src\k_memory.c(139): warning:  #223-D: function "k_release_processor" declared implicitly
src\k_memory.c(126): warning:  #177-D: variable "end_addr" was declared but never referenced
src\k_memory.c(192): warning:  #223-D: function "k_release_processor" declared implicitly
compiling k_process.c...
src\rtx.h(11): warning:  #47-D: incompatible redefinition of macro "NUM_TEST_PROCS" (declared at line 19 of "src\k_rtx.h")
src\k_process.c(113): warning:  #223-D: function "p_findproc" declared implicitly
src\k_process.c(102): warning:  #177-D: variable "id" was declared but never referenced
src\k_process.c(218): warning:  #223-D: function "p_findAllproc" declared implicitly
src\k_process.c(251): warning:  #223-D: function "p_findblockedproc" declared implicitly
compiling p_queue.c...
src\p_queue.c(29): warning:  #177-D: variable "prev" was declared but never referenced
src\p_queue.c(30): warning:  #177-D: variable "next" was declared but never referenced
src\p_queue.c(54): warning:  #177-D: variable "prev" was declared but never referenced
src\p_queue.c(55): warning:  #177-D: variable "next" was declared but never referenced
src\p_queue.c(80): warning:  #177-D: variable "prev" was declared but never referenced
src\p_queue.c(81): warning:  #177-D: variable "next" was declared but never referenced
src\p_queue.c(165): warning:  #1-D: last line of file ends without a newline
compiling k_message.c...
src\k_message.c(8): error:  #147: declaration is incompatible with "int k_send_message(int, void *)" (declared at line 26 of "src\k_message.h")
src\k_message.c(10): warning:  #223-D: function "k_release_processor" declared implicitly
src\k_message.c(50): error:  #147: declaration is incompatible with "void *k_receive_message(int *)" (declared at line 27 of "src\k_message.h")
src\k_message.c(53): warning:  #223-D: function "k_release_processor" declared implicitly
src\k_message.c(76): warning:  #940-D: missing return statement at end of non-void function "k_delayed_send"
src\k_message.c(78): warning:  #1-D: last line of file ends without a newline
compiling usr_proc_p2.c...
src\k_rtx.h(19): warning:  #47-D: incompatible redefinition of macro "NUM_TEST_PROCS" (declared at line 11 of "src\rtx.h")
src\k_message.h(26): error:  #147: declaration is incompatible with "void k_send_message(void)" (declared at line 71 of "src\rtx.h")
src\k_message.h(27): error:  #147: declaration is incompatible with "void k_receive_message(void)" (declared at line 75 of "src\rtx.h")
src\usr_proc_p2.c(65): warning:  #223-D: function "strncpy" declared implicitly
src\usr_proc_p2.c(65): warning:  #223-D: function "strlen" declared implicitly
src\usr_proc_p2.c(72): warning:  #223-D: function "set_process_priority" declared implicitly
src\usr_proc_p2.c(94): warning:  #223-D: function "set_process_priority" declared implicitly
src\usr_proc_p2.c(99): warning:  #223-D: function "strncpy" declared implicitly
src\usr_proc_p2.c(87): warning:  #177-D: variable "sender_id" was declared but never referenced
src\usr_proc_p2.c(88): warning:  #177-D: variable "sender_id2" was declared but never referenced
src\usr_proc_p2.c(92): warning:  #550-D: variable "env" was set but never used
src\usr_proc_p2.c(120): warning:  #223-D: function "strncpy" declared implicitly
src\usr_proc_p2.c(120): warning:  #223-D: function "strlen" declared implicitly
src\usr_proc_p2.c(151): warning:  #1-D: last line of file ends without a newline
Target not created
Build target 'Context Switching SIM'
compiling k_rtx_init.c...
src\k_rtx_init.c(16): warning:  #177-D: variable "ret" was declared but never referenced
compiling k_memory.c...
src\k_memory.c(139): warning:  #223-D: function "k_release_processor" declared implicitly
src\k_memory.c(126): warning:  #177-D: variable "end_addr" was declared but never referenced
src\k_memory.c(192): warning:  #223-D: function "k_release_processor" declared implicitly
compiling k_process.c...
src\rtx.h(11): warning:  #47-D: incompatible redefinition of macro "NUM_TEST_PROCS" (declared at line 19 of "src\k_rtx.h")
src\k_process.c(113): warning:  #223-D: function "p_findproc" declared implicitly
src\k_process.c(102): warning:  #177-D: variable "id" was declared but never referenced
src\k_process.c(218): warning:  #223-D: function "p_findAllproc" declared implicitly
src\k_process.c(251): warning:  #223-D: function "p_findblockedproc" declared implicitly
compiling p_queue.c...
src\p_queue.c(29): warning:  #177-D: variable "prev" was declared but never referenced
[...]
Build target 'Context Switching SIM'
compiling k_message.c...
src\k_message.c(8): error:  #147: declaration is incompatible with "int k_send_message(int, void *)" (declared at line 26 of "src\k_message.h")
src\k_message.c(10): warning:  #223-D: function "k_release_processor" declared implicitly
src\k_message.c(50): error:  #147: declaration is incompatible with "void *k_receive_message(int *)" (declared at line 27 of "src\k_message.h")
src\k_message.c(53): warning:  #223-D: function "k_release_processor" declared implicitly
src\k_message.c(76): warning:  #940-D: missing return statement at end of non-void function "k_delayed_send"
src\k_message.c(78): warning:  #1-D: last line of file ends without a newline
compiling usr_proc_p2.c...
src\k_rtx.h(19): warning:  #47-D: incompatible redefinition of macro "NUM_TEST_PROCS" (declared at line 11 of "src\rtx.h")
src\usr_proc_p2.c(65): warning:  #223-D: function "strncpy" declared implicitly
src\usr_proc_p2.c(65): warning:  #223-D: function "strlen" declared implicitly
src\usr_proc_p2.c(72): warning:  #223-D: function "set_process_priority" declared implicitly
src\usr_proc_p2.c(94): warning:  #223-D: function "set_process_priority" declared implicitly
src\usr_proc_p2.c(98): warning:  #223-D: function "strncpy" declared implicitly
src\usr_proc_p2.c(88): warning:  #177-D: variable "sender_id2" was declared but never referenced
src\usr_proc_p2.c(92): warning:  #550-D: variable "env" was set but never used
src\usr_proc_p2.c(119): warning:  #223-D: function "strncpy" declared implicitly
src\usr_proc_p2.c(119): warning:  #223-D: function "strlen" declared implicitly
src\usr_proc_p2.c(149): warning:  #1-D: last line of file ends without a newline
Target not created
Build target 'Context Switching SIM'
compiling k_message.c...
src\k_message.c(40): warning:  #223-D: function "k_release_processor" declared implicitly
src\k_message.c(53): warning:  #223-D: function "k_release_processor" declared implicitly
src\k_message.c(69): warning:  #940-D: missing return statement at end of non-void function "k_delayed_send"
src\k_message.c(71): warning:  #1-D: last line of file ends without a newline
linking...
Program Size: Code=5096 RO-data=412 RW-data=72 ZI-data=880  
"context_switching.axf" - 0 Error(s), 4 Warning(s).
Build target 'Context Switching SIM'
linking...
Program Size: Code=5096 RO-data=412 RW-data=72 ZI-data=880  
"context_switching.axf" - 0 Error(s), 0 Warning(s).
Build target 'Context Switching SIM'
linking...
Program Size: Code=5096 RO-data=412 RW-data=72 ZI-data=880  
"context_switching.axf" - 0 Error(s), 0 Warning(s).
Build target 'Context Switching SIM'
compiling k_message.c...
src\k_message.c(40): warning:  #223-D: function "k_release_processor" declared implicitly
src\k_message.c(53): warning:  #223-D: function "k_release_processor" declared implicitly
src\k_message.c(69): warning:  #940-D: missing return statement at end of non-void function "k_delayed_send"
src\k_message.c(71): warning:  #1-D: last line of file ends without a newline
linking...
Program Size: Code=5096 RO-data=412 RW-data=72 ZI-data=880  
"context_switching.axf" - 0 Error(s), 4 Warning(s).
Build target 'Context Switching SIM'
compiling k_process.c...
src\rtx.h(11): warning:  #47-D: incompatible redefinition of macro "NUM_TEST_PROCS" (declared at line 19 of "src\k_rtx.h")
src\k_process.c(113): warning:  #223-D: function "p_findproc" declared implicitly
src\k_process.c(102): warning:  #177-D: variable "id" was declared but never referenced
src\k_process.c(218): warning:  #223-D: function "p_findAllproc" declared implicitly
src\k_process.c(251): warning:  #223-D: function "p_findblockedproc" declared implicitly
linking...
Program Size: Code=5096 RO-data=412 RW-data=72 ZI-data=880  
"context_switching.axf" - 0 Error(s), 5 Warning(s).
Build target 'Context Switching SIM'
compiling k_process.c...
src\rtx.h(11): warning:  #47-D: incompatible redefinition of macro "NUM_TEST_PROCS" (declared at line 19 of "src\k_rtx.h")
src\k_process.c(113): warning:  #223-D: function "p_findproc" declared implicitly
src\k_process.c(102): warning:  #177-D: variable "id" was declared but never referenced
src\k_process.c(218): warning:  #223-D: function "p_findAllproc" declared implicitly
src\k_process.c(251): warning:  #223-D: function "p_findblockedproc" declared implicitly
linking...
Program Size: Code=5096 RO-data=412 RW-data=72 ZI-data=880  
"context_switching.axf" - 0 Error(s), 5 Warning(s).
Build target 'Context Switching SIM'
compiling k_process.c...
src\rtx.h(11): warning:  #47-D: incompatible redefinition of macro "NUM_TEST_PROCS" (declared at line 19 of "src\k_rtx.h")
src\k_process.c(113): warning:  #223-D: function "p_findproc" declared implicitly
src\k_process.c(102): warning:  #177-D: variable "id" was declared but never referenced
src\k_process.c(220): warning:  #223-D: function "p_findAllproc" declared implicitly
src\k_process.c(253): warning:  #223-D: function "p_findblockedproc" declared implicitly
linking...
Program Size: Code=5108 RO-data=412 RW-data=72 ZI-data=880  
"context_switching.axf" - 0 Error(s), 5 Warning(s).
Build target 'Context Switching SIM'
compiling k_process.c...
src\rtx.h(11): warning:  #47-D: incompatible redefinition of macro "NUM_TEST_PROCS" (declared at line 19 of "src\k_rtx.h")
src\k_process.c(113): warning:  #223-D: function "p_findproc" declared implicitly
src\k_process.c(102): warning:  #177-D: variable "id" was declared but never referenced
src\k_process.c(220): warning:  #223-D: function "p_findAllproc" declared implicitly
src\k_process.c(253): warning:  #223-D: function "p_findblockedproc" declared implicitly
linking...
Program Size: Code=5108 RO-data=412 RW-data=72 ZI-data=880  
"context_switching.axf" - 0 Error(s), 5 Warning(s).
Build target 'Context Switching SIM'
compiling usr_proc_p2.c...
src\k_rtx.h(19): warning:  #47-D: incompatible redefinition of macro "NUM_TEST_PROCS" (declared at line 11 of "src\rtx.h")
src\usr_proc_p2.c(65): warning:  #223-D: function "strncpy" declared implicitly
src\usr_proc_p2.c(65): warning:  #223-D: function "strlen" declared implicitly
src\usr_proc_p2.c(72): warning:  #223-D: function "set_process_priority" declared implicitly
src\usr_proc_p2.c(94): warning:  #223-D: function "set_process_priority" declared implicitly
src\usr_proc_p2.c(98): warning:  #223-D: function "strncpy" declared implicitly
src\usr_proc_p2.c(88): warning:  #177-D: variable "sender_id2" was declared but never referenced
src\usr_proc_p2.c(92): warning:  #550-D: variable "env" was set but never used
src\usr_proc_p2.c(119): warning:  #223-D: function "strncpy" declared implicitly
src\usr_proc_p2.c(119): warning:  #223-D: function "strlen" declared implicitly
src\usr_proc_p2.c(149): warning:  #1-D: last line of file ends without a newline
linking...
Program Size: Code=5108 RO-data=412 RW-data=72 ZI-data=880  
"context_switching.axf" - 0 Error(s), 11 Warning(s).
Rebuild target 'Context Switching SIM'
assembling startup_LPC17xx.s...
compiling system_LPC17xx.c...
compiling uart_polling.c...
compiling printf.c...
compiling main_svc.c...
compiling uart_irq.c...
compiling HAL.c...
compiling k_rtx_init.c...
src\k_rtx_init.c(16): warning:  #177-D: variable "ret" was declared but never referenced
compiling k_memory.c...
src\k_memory.c(139): warning:  #223-D: function "k_release_processor" declared implicitly
src\k_memory.c(126): warning:  #177-D: variable "end_addr" was declared but never referenced
src\k_memory.c(192): warning:  #223-D: function "k_release_processor" declared implicitly
compiling k_process.c...
src\rtx.h(11): warning:  #47-D: incompatible redefinition of macro "NUM_TEST_PROCS" (declared at line 19 of "src\k_rtx.h")
src\k_process.c(113): warning:  #223-D: function "p_findproc" declared implicitly
src\k_process.c(102): warning:  #177-D: variable "id" was declared but never referenced
src\k_process.c(220): warning:  #223-D: function "p_findAllproc" declared implicitly
src\k_process.c(253): warning:  #223-D: function "p_findblockedproc" declared implicitly
compiling p_queue.c...
src\p_queue.c(29): warning:  #177-D: variable "prev" was declared but never referenced
src\p_queue.c(30): warning:  #177-D: variable "next" was declared but never referenced
src\p_queue.c(54): warning:  #177-D: variable "prev" was declared but never referenced
src\p_queue.c(55): warning:  #177-D: variable "next" was declared but never referenced
src\p_queue.c(80): warning:  #177-D: variable "prev" was declared but never referenced
src\p_queue.c(81): warning:  #177-D: variable "next" was declared but never referenced
src\p_queue.c(165): warning:  #1-D: last line of file ends without a newline
compiling k_message.c...
src\k_message.c(40): warning:  #223-D: function "k_release_processor" declared implicitly
src\k_message.c(53): warning:  #223-D: function "k_release_processor" declared implicitly
src\k_message.c(69): warning:  #940-D: missing return statement at end of non-void function "k_delayed_send"
src\k_message.c(71): warning:  #1-D: last line of file ends without a newline
compiling usr_proc_p2.c...
src\k_rtx.h(19): warning:  #47-D: incompatible redefinition of macro "NUM_TEST_PROCS" (declared at line 11 of "src\rtx.h")
src\usr_proc_p2.c(62): error:  #20: identifier "env2" is undefined
src\usr_proc_p2.c(66): warning:  #223-D: function "strncpy" declared implicitly
src\usr_proc_p2.c(66): warning:  #223-D: function "strlen" declared implicitly
src\usr_proc_p2.c(75): warning:  #223-D: function "set_process_priority" declared implicitly
src\usr_proc_p2.c(103): warning:  #223-D: function "strncpy" declared implicitly
src\usr_proc_p2.c(91): warning:  #177-D: variable "sender_id2" was declared but never referenced
src\usr_proc_p2.c(95): warning:  #550-D: variable "env" was set but never used
src\usr_proc_p2.c(124): warning:  #223-D: function "strncpy" declared implicitly
src\usr_proc_p2.c(124): warning:  #223-D: function "strlen" declared implicitly
src\usr_proc_p2.c(154): warning:  #1-D: last line of file ends without a newline
Target not created
Rebuild target 'Context Switching SIM'
assembling startup_LPC17xx.s...
compiling system_LPC17xx.c...
compiling uart_polling.c...
compiling printf.c...
compiling main_svc.c...
compiling uart_irq.c...
compiling HAL.c...
compiling k_rtx_init.c...
src\k_rtx_init.c(16): warning:  #177-D: variable "ret" was declared but never referenced
compiling k_memory.c...
src\k_memory.c(139): warning:  #223-D: function "k_release_processor" declared implicitly
src\k_memory.c(126): warning:  #177-D: variable "end_addr" was declared but never referenced
src\k_memory.c(192): warning:  #223-D: function "k_release_processor" declared implicitly
compiling k_process.c...
src\rtx.h(11): warning:  #47-D: incompatible redefinition of macro "NUM_TEST_PROCS" (declared at line 19 of "src\k_rtx.h")
src\k_process.c(113): warning:  #223-D: function "p_findproc" declared implicitly
src\k_process.c(102): warning:  #177-D: variable "id" was declared but never referenced
src\k_process.c(220): warning:  #223-D: function "p_findAllproc" declared implicitly
src\k_process.c(253): warning:  #223-D: function "p_findblockedproc" declared implicitly
compiling p_queue.c...
src\p_queue.c(29): warning:  #177-D: variable "prev" was declared but never referenced
src\p_queue.c(30): warning:  #177-D: variable "next" was declared but never referenced
src\p_queue.c(54): warning:  #177-D: variable "prev" was declared but never referenced
src\p_queue.c(55): warning:  #177-D: variable "next" was declared but never referenced
src\p_queue.c(80): warning:  #177-D: variable "prev" was declared but never referenced
src\p_queue.c(81): warning:  #177-D: variable "next" was declared but never referenced
src\p_queue.c(165): warning:  #1-D: last line of file ends without a newline
compiling k_message.c...
src\k_message.c(40): warning:  #223-D: function "k_release_processor" declared implicitly
src\k_message.c(53): warning:  #223-D: function "k_release_processor" declared implicitly
src\k_message.c(69): warning:  #940-D: missing return statement at end of non-void function "k_delayed_send"
src\k_message.c(71): warning:  #1-D: last line of file ends without a newline
compiling usr_proc_p2.c...
src\k_rtx.h(19): warning:  #47-D: incompatible redefinition of macro "NUM_TEST_PROCS" (declared at line 11 of "src\rtx.h")
src\usr_proc_p2.c(67): warning:  #223-D: function "strncpy" declared implicitly
src\usr_proc_p2.c(67): warning:  #223-D: function "strlen" declared implicitly
src\usr_proc_p2.c(76): warning:  #223-D: function "set_process_priority" declared implicitly
src\usr_proc_p2.c(104): warning:  #223-D: function "strncpy" declared implicitly
src\usr_proc_p2.c(92): warning:  #177-D: variable "sender_id2" was declared but never referenced
src\usr_proc_p2.c(96): warning:  #550-D: variable "env" was set but never used
src\usr_proc_p2.c(125): warning:  #223-D: function "strncpy" declared implicitly
src\usr_proc_p2.c(125): warning:  #223-D: function "strlen" declared implicitly
src\usr_proc_p2.c(155): warning:  #1-D: last line of file ends without a newline
linking...
Program Size: Code=5152 RO-data=412 RW-data=72 ZI-data=880  
"context_switching.axf" - 0 Error(s), 30 Warning(s).
Build target 'Context Switching SIM'
linking...
Program Size: Code=5152 RO-data=412 RW-data=72 ZI-data=880  
"context_switching.axf" - 0 Error(s), 0 Warning(s).
Rebuild target 'Context Switching SIM'
assembling startup_LPC17xx.s...
compiling system_LPC17xx.c...
compiling uart_polling.c...
compiling printf.c...
compiling main_svc.c...
compiling uart_irq.c...
compiling HAL.c...
compiling k_rtx_init.c...
src\k_rtx_init.c(16): warning:  #177-D: variable "ret" was declared but never referenced
compiling k_memory.c...
src\k_memory.c(139): warning:  #223-D: function "k_release_processor" declared implicitly
src\k_memory.c(126): warning:  #177-D: variable "end_addr" was declared but never referenced
src\k_memory.c(192): warning:  #223-D: function "k_release_processor" declared implicitly
compiling k_process.c...
src\rtx.h(11): warning:  #47-D: incompatible redefinition of macro "NUM_TEST_PROCS" (declared at line 19 of "src\k_rtx.h")
src\k_process.c(113): warning:  #223-D: function "p_findproc" declared implicitly
src\k_process.c(102): warning:  #177-D: variable "id" was declared but never referenced
src\k_process.c(220): warning:  #223-D: function "p_findAllproc" declared implicitly
src\k_process.c(253): warning:  #223-D: function "p_findblockedproc" declared implicitly
compiling p_queue.c...
src\p_queue.c(29): warning:  #177-D: variable "prev" was declared but never referenced
src\p_queue.c(30): warning:  #177-D: variable "next" was declared but never referenced
src\p_queue.c(54): warning:  #177-D: variable "prev" was declared but never referenced
src\p_queue.c(55): warning:  #177-D: variable "next" was declared but never referenced
src\p_queue.c(80): warning:  #177-D: variable "prev" was declared but never referenced
src\p_queue.c(81): warning:  #177-D: variable "next" was declared but never referenced
src\p_queue.c(165): warning:  #1-D: last line of file ends without a newline
compiling k_message.c...
src\k_message.c(40): warning:  #223-D: function "k_release_processor" declared implicitly
src\k_message.c(53): warning:  #223-D: function "k_release_processor" declared implicitly
src\k_message.c(69): warning:  #940-D: missing return statement at end of non-void function "k_delayed_send"
src\k_message.c(71): warning:  #1-D: last line of file ends without a newline
compiling usr_proc_p2.c...
src\k_rtx.h(19): warning:  #47-D: incompatible redefinition of macro "NUM_TEST_PROCS" (declared at line 11 of "src\rtx.h")
src\usr_proc_p2.c(67): warning:  #223-D: function "strncpy" declared implicitly
src\usr_proc_p2.c(67): warning:  #223-D: function "strlen" declared implicitly
src\usr_proc_p2.c(76): warning:  #223-D: function "set_process_priority" declared implicitly
src\usr_proc_p2.c(104): warning:  #223-D: function "strncpy" declared implicitly
src\usr_proc_p2.c(92): warning:  #177-D: variable "sender_id2" was declared but never referenced
src\usr_proc_p2.c(96): warning:  #550-D: variable "env" was set but never used
src\usr_proc_p2.c(126): warning:  #223-D: function "strncpy" declared implicitly
src\usr_proc_p2.c(126): warning:  #223-D: function "strlen" declared implicitly
src\usr_proc_p2.c(156): warning:  #1-D: last line of file ends without a newline
linking...
Program Size: Code=5164 RO-data=412 RW-data=72 ZI-data=880  
"context_switching.axf" - 0 Error(s), 30 Warning(s).
Rebuild target 'Context Switching SIM'
assembling startup_LPC17xx.s...
compiling system_LPC17xx.c...
compiling uart_polling.c...
compiling printf.c...
compiling main_svc.c...
compiling uart_irq.c...
compiling HAL.c...
compiling k_rtx_init.c...
src\k_rtx_init.c(16): warning:  #177-D: variable "ret" was declared but never referenced
compiling k_memory.c...
src\k_memory.c(139): warning:  #223-D: function "k_release_processor" declared implicitly
src\k_memory.c(126): warning:  #177-D: variable "end_addr" was declared but never referenced
src\k_memory.c(192): warning:  #223-D: function "k_release_processor" declared implicitly
compiling k_process.c...
src\rtx.h(11): warning:  #47-D: incompatible redefinition of macro "NUM_TEST_PROCS" (declared at line 19 of "src\k_rtx.h")
src\k_process.c(113): warning:  #223-D: function "p_findproc" declared implicitly
src\k_process.c(102): warning:  #177-D: variable "id" was declared but never referenced
src\k_process.c(220): warning:  #223-D: function "p_findAllproc" declared implicitly
src\k_process.c(253): warning:  #223-D: function "p_findblockedproc" declared implicitly
compiling p_queue.c...
src\p_queue.c(29): warning:  #177-D: variable "prev" was declared but never referenced
src\p_queue.c(30): warning:  #177-D: variable "next" was declared but never referenced
src\p_queue.c(54): warning:  #177-D: variable "prev" was declared but never referenced
src\p_queue.c(55): warning:  #177-D: variable "next" was declared but never referenced
src\p_queue.c(80): warning:  #177-D: variable "prev" was declared but never referenced
src\p_queue.c(81): warning:  #177-D: variable "next" was declared but never referenced
src\p_queue.c(165): warning:  #1-D: last line of file ends without a newline
compiling k_message.c...
src\k_message.c(40): warning:  #223-D: function "k_release_processor" declared implicitly
src\k_message.c(53): warning:  #223-D: function "k_release_processor" declared implicitly
src\k_message.c(69): warning:  #940-D: missing return statement at end of non-void function "k_delayed_send"
src\k_message.c(71): warning:  #1-D: last line of file ends without a newline
compiling usr_proc_p2.c...
src\k_rtx.h(19): warning:  #47-D: incompatible redefinition of macro "NUM_TEST_PROCS" (declared at line 11 of "src\rtx.h")
src\usr_proc_p2.c(67): warning:  #223-D: function "strncpy" declared implicitly
src\usr_proc_p2.c(67): warning:  #223-D: function "strlen" declared implicitly
src\usr_proc_p2.c(76): warning:  #223-D: function "set_process_priority" declared implicitly
src\usr_proc_p2.c(104): warning:  #223-D: function "strncpy" declared implicitly
src\usr_proc_p2.c(92): warning:  #177-D: variable "sender_id2" was declared but never referenced
src\usr_proc_p2.c(96): warning:  #550-D: variable "env" was set but never used
src\usr_proc_p2.c(126): warning:  #223-D: function "strncpy" declared implicitly
src\usr_proc_p2.c(126): warning:  #223-D: function "strlen" declared implicitly
src\usr_proc_p2.c(156): warning:  #1-D: last line of file ends without a newline
linking...
Program Size: Code=5164 RO-data=412 RW-data=72 ZI-data=880  
"context_switching.axf" - 0 Error(s), 30 Warning(s).
